Archive member included to satisfy reference by file (symbol)

e:/stm32toolchain/gcc-arm/bin/../lib/gcc/arm-none-eabi/6.3.1/../../../../arm-none-eabi/lib/thumb/v7e-m\libg_nano.a(lib_a-errno.o)
                              ./system/src/newlib/_sbrk.o (__errno)
e:/stm32toolchain/gcc-arm/bin/../lib/gcc/arm-none-eabi/6.3.1/../../../../arm-none-eabi/lib/thumb/v7e-m\libg_nano.a(lib_a-impure.o)
                              ./src/retarget.o (_impure_ptr)
e:/stm32toolchain/gcc-arm/bin/../lib/gcc/arm-none-eabi/6.3.1/../../../../arm-none-eabi/lib/thumb/v7e-m\libg_nano.a(lib_a-init.o)
                              ./system/src/cmsis/startup_stm32f407xx.o (__libc_init_array)
e:/stm32toolchain/gcc-arm/bin/../lib/gcc/arm-none-eabi/6.3.1/../../../../arm-none-eabi/lib/thumb/v7e-m\libg_nano.a(lib_a-nano-vfprintf_float.o)
                              (_printf_float)
e:/stm32toolchain/gcc-arm/bin/../lib/gcc/arm-none-eabi/6.3.1/../../../../arm-none-eabi/lib/thumb/v7e-m\libg_nano.a(lib_a-nano-vfprintf_i.o)
                              e:/stm32toolchain/gcc-arm/bin/../lib/gcc/arm-none-eabi/6.3.1/../../../../arm-none-eabi/lib/thumb/v7e-m\libg_nano.a(lib_a-nano-vfprintf_float.o) (_printf_common)
e:/stm32toolchain/gcc-arm/bin/../lib/gcc/arm-none-eabi/6.3.1/../../../../arm-none-eabi/lib/thumb/v7e-m\libg_nano.a(lib_a-printf.o)
                              ./src/main.o (printf)
e:/stm32toolchain/gcc-arm/bin/../lib/gcc/arm-none-eabi/6.3.1/../../../../arm-none-eabi/lib/thumb/v7e-m\libg_nano.a(lib_a-setvbuf.o)
                              ./src/retarget.o (setvbuf)
e:/stm32toolchain/gcc-arm/bin/../lib/gcc/arm-none-eabi/6.3.1/../../../../arm-none-eabi/lib/thumb/v7e-m\libg_nano.a(lib_a-strlen.o)
                              ./system/src/diag/Trace.o (strlen)
e:/stm32toolchain/gcc-arm/bin/../lib/gcc/arm-none-eabi/6.3.1/../../../../arm-none-eabi/lib/thumb/v7e-m\libg_nano.a(lib_a-vsnprintf.o)
                              ./system/src/diag/Trace.o (vsnprintf)
e:/stm32toolchain/gcc-arm/bin/../lib/gcc/arm-none-eabi/6.3.1/../../../../arm-none-eabi/lib/thumb/v7e-m\libg_nano.a(lib_a-dtoa.o)
                              e:/stm32toolchain/gcc-arm/bin/../lib/gcc/arm-none-eabi/6.3.1/../../../../arm-none-eabi/lib/thumb/v7e-m\libg_nano.a(lib_a-nano-vfprintf_float.o) (_dtoa_r)
e:/stm32toolchain/gcc-arm/bin/../lib/gcc/arm-none-eabi/6.3.1/../../../../arm-none-eabi/lib/thumb/v7e-m\libg_nano.a(lib_a-fflush.o)
                              e:/stm32toolchain/gcc-arm/bin/../lib/gcc/arm-none-eabi/6.3.1/../../../../arm-none-eabi/lib/thumb/v7e-m\libg_nano.a(lib_a-setvbuf.o) (_fflush_r)
e:/stm32toolchain/gcc-arm/bin/../lib/gcc/arm-none-eabi/6.3.1/../../../../arm-none-eabi/lib/thumb/v7e-m\libg_nano.a(lib_a-findfp.o)
                              e:/stm32toolchain/gcc-arm/bin/../lib/gcc/arm-none-eabi/6.3.1/../../../../arm-none-eabi/lib/thumb/v7e-m\libg_nano.a(lib_a-printf.o) (__sinit)
e:/stm32toolchain/gcc-arm/bin/../lib/gcc/arm-none-eabi/6.3.1/../../../../arm-none-eabi/lib/thumb/v7e-m\libg_nano.a(lib_a-fwalk.o)
                              e:/stm32toolchain/gcc-arm/bin/../lib/gcc/arm-none-eabi/6.3.1/../../../../arm-none-eabi/lib/thumb/v7e-m\libg_nano.a(lib_a-findfp.o) (_fwalk)
e:/stm32toolchain/gcc-arm/bin/../lib/gcc/arm-none-eabi/6.3.1/../../../../arm-none-eabi/lib/thumb/v7e-m\libg_nano.a(lib_a-localeconv.o)
                              e:/stm32toolchain/gcc-arm/bin/../lib/gcc/arm-none-eabi/6.3.1/../../../../arm-none-eabi/lib/thumb/v7e-m\libg_nano.a(lib_a-nano-vfprintf_float.o) (_localeconv_r)
e:/stm32toolchain/gcc-arm/bin/../lib/gcc/arm-none-eabi/6.3.1/../../../../arm-none-eabi/lib/thumb/v7e-m\libg_nano.a(lib_a-makebuf.o)
                              e:/stm32toolchain/gcc-arm/bin/../lib/gcc/arm-none-eabi/6.3.1/../../../../arm-none-eabi/lib/thumb/v7e-m\libg_nano.a(lib_a-setvbuf.o) (__swhatbuf_r)
e:/stm32toolchain/gcc-arm/bin/../lib/gcc/arm-none-eabi/6.3.1/../../../../arm-none-eabi/lib/thumb/v7e-m\libg_nano.a(lib_a-malloc.o)
                              e:/stm32toolchain/gcc-arm/bin/../lib/gcc/arm-none-eabi/6.3.1/../../../../arm-none-eabi/lib/thumb/v7e-m\libg_nano.a(lib_a-setvbuf.o) (malloc)
e:/stm32toolchain/gcc-arm/bin/../lib/gcc/arm-none-eabi/6.3.1/../../../../arm-none-eabi/lib/thumb/v7e-m\libg_nano.a(lib_a-memchr.o)
                              e:/stm32toolchain/gcc-arm/bin/../lib/gcc/arm-none-eabi/6.3.1/../../../../arm-none-eabi/lib/thumb/v7e-m\libg_nano.a(lib_a-nano-vfprintf_i.o) (memchr)
e:/stm32toolchain/gcc-arm/bin/../lib/gcc/arm-none-eabi/6.3.1/../../../../arm-none-eabi/lib/thumb/v7e-m\libg_nano.a(lib_a-memcpy-stub.o)
                              e:/stm32toolchain/gcc-arm/bin/../lib/gcc/arm-none-eabi/6.3.1/../../../../arm-none-eabi/lib/thumb/v7e-m\libg_nano.a(lib_a-dtoa.o) (memcpy)
e:/stm32toolchain/gcc-arm/bin/../lib/gcc/arm-none-eabi/6.3.1/../../../../arm-none-eabi/lib/thumb/v7e-m\libg_nano.a(lib_a-memset.o)
[...]
Memory Configuration

Name             Origin             Length             Attributes
RAM              0x20000000         0x00020000         xrw
CCMRAM           0x10000000         0x00010000         xrw
FLASH            0x08000000         0x00100000         xr
FLASHB1          0x00000000         0x00000000         xr
EXTMEMB0         0x00000000         0x00000000         xr
EXTMEMB1         0x00000000         0x00000000         xr
EXTMEMB2         0x00000000         0x00000000         xr
EXTMEMB3         0x00000000         0x00000000         xr
MEMORY_ARRAY     0x20002000         0x00000020         xrw
*default*        0x00000000         0xffffffff

Linker script and memory map

LOAD ./system/src/stm32f4-hal/stm32f4xx_hal.o
LOAD ./system/src/stm32f4-hal/stm32f4xx_hal_cortex.o
LOAD ./system/src/stm32f4-hal/stm32f4xx_hal_dfsdm.o
LOAD ./system/src/stm32f4-hal/stm32f4xx_hal_flash.o
LOAD ./system/src/stm32f4-hal/stm32f4xx_hal_gpio.o
LOAD ./system/src/stm32f4-hal/stm32f4xx_hal_iwdg.o
LOAD ./system/src/stm32f4-hal/stm32f4xx_hal_pwr.o
LOAD ./system/src/stm32f4-hal/stm32f4xx_hal_rcc.o
LOAD ./system/src/stm32f4-hal/stm32f4xx_hal_uart.o
LOAD ./system/src/newlib/_cxx.o
LOAD ./system/src/newlib/_exit.o
LOAD ./system/src/newlib/_sbrk.o
LOAD ./system/src/newlib/_startup.o
LOAD ./system/src/newlib/_syscalls.o
LOAD ./system/src/newlib/assert.o
LOAD ./system/src/diag/Trace.o
LOAD ./system/src/diag/trace_impl.o
LOAD ./system/src/cortexm/_initialize_hardware.o
LOAD ./system/src/cortexm/_reset_hardware.o
LOAD ./system/src/cortexm/exception_handlers.o
LOAD ./system/src/cmsis/startup_stm32f407xx.o
LOAD ./system/src/cmsis/system_stm32f4xx.o
LOAD ./system/src/cmsis/vectors_stm32f407xx.o
LOAD ./src/_initialize_hardware.o
LOAD ./src/_write.o
LOAD ./src/main.o
LOAD ./src/retarget.o
LOAD ./src/stm32f4xx_hal_msp.o
LOAD ./src/stm32f4xx_it.o
LOAD e:/stm32toolchain/gcc-arm/bin/../lib/gcc/arm-none-eabi/6.3.1/../../../../arm-none-eabi/lib/thumb/v7e-m\libstdc++_nano.a
LOAD e:/stm32toolchain/gcc-arm/bin/../lib/gcc/arm-none-eabi/6.3.1/../../../../arm-none-eabi/lib/thumb/v7e-m\libm.a
START GROUP
LOAD e:/stm32toolchain/gcc-arm/bin/../lib/gcc/arm-none-eabi/6.3.1/thumb/v7e-m\libgcc.a
LOAD e:/stm32toolchain/gcc-arm/bin/../lib/gcc/arm-none-eabi/6.3.1/../../../../arm-none-eabi/lib/thumb/v7e-m\libg_nano.a
LOAD e:/stm32toolchain/gcc-arm/bin/../lib/gcc/arm-none-eabi/6.3.1/../../../../arm-none-eabi/lib/thumb/v7e-m\libc_nano.a
END GROUP
START GROUP
LOAD e:/stm32toolchain/gcc-arm/bin/../lib/gcc/arm-none-eabi/6.3.1/thumb/v7e-m\libgcc.a
LOAD e:/stm32toolchain/gcc-arm/bin/../lib/gcc/arm-none-eabi/6.3.1/../../../../arm-none-eabi/lib/thumb/v7e-m\libc_nano.a
END GROUP
                0x20020000                __stack = (ORIGIN (RAM) + LENGTH (RAM))
                0x20020000                _estack = __stack
                0x00000400                __Main_Stack_Size = 0x400
                [!provide]                PROVIDE (_Main_Stack_Size, __Main_Stack_Size)
                0x2001fc00                __Main_Stack_Limit = (__stack - __Main_Stack_Size)
                [!provide]                PROVIDE (_Main_Stack_Limit, __Main_Stack_Limit)
                0x00000100                _Minimum_Stack_Size = 0x100
                0x200002c8                PROVIDE (_Heap_Begin, _end_noinit)
                0x2001fc00                PROVIDE (_Heap_Limit, (__stack - __Main_Stack_Size))

.isr_vector     0x08000000      0x548
 FILL mask 0xff
                0x08000000                __vectors_start = ABSOLUTE (.)
                0x08000000                __vectors_start__ = ABSOLUTE (.)
 *(.isr_vector)
 .isr_vector    0x08000000      0x188 ./system/src/cmsis/startup_stm32f407xx.o
                0x08000000                g_pfnVectors
 .isr_vector    0x08000188      0x188 ./system/src/cmsis/vectors_stm32f407xx.o
                0x08000188                __isr_vectors
 *(.cfmconfig)
 *(.after_vectors .after_vectors.*)
 .after_vectors
                0x08000310      0x130 ./system/src/newlib/_startup.o
                0x08000310                _start
 .after_vectors
                0x08000440      0x104 ./system/src/cortexm/exception_handlers.o
                0x08000440                Reset_Handler
                0x0800045e                HardFault_Handler_C
                0x080004ac                BusFault_Handler_C
                0x080004f4                UsageFault_Handler_C
 .after_vectors
                0x08000544        0x4 ./system/src/cmsis/vectors_stm32f407xx.o
                0x08000544                FMC_IRQHandler

.inits          0x08000548       0x28
                0x08000548                __data_regions_array_start = .
                0x08000548        0x4 LONG 0x8005a78 LOADADDR (.data)
                0x0800054c        0x4 LONG 0x20000000 ADDR (.data)
                0x08000550        0x4 LONG 0x200001e4 (ADDR (.data) + SIZEOF (.data))
                0x08000554        0x4 LONG 0x8005a78 LOADADDR (.data_CCMRAM)
                0x08000558        0x4 LONG 0x10000000 ADDR (.data_CCMRAM)
                0x0800055c        0x4 LONG 0x10000000 (ADDR (.data_CCMRAM) + SIZEOF (.data_CCMRAM))
                0x08000560                __data_regions_array_end = .
                0x08000560                __bss_regions_array_start = .
                0x08000560        0x4 LONG 0x200001e4 ADDR (.bss)
                0x08000564        0x4 LONG 0x200002c8 (ADDR (.bss) + SIZEOF (.bss))
                0x08000568        0x4 LONG 0x10000000 ADDR (.bss_CCMRAM)
                0x0800056c        0x4 LONG 0x10000000 (ADDR (.bss_CCMRAM) + SIZEOF (.bss_CCMRAM))
                0x08000570                __bss_regions_array_end = .
 *(.init)
 *(.fini)
                0x08000570                . = ALIGN (0x4)
                0x08000570                PROVIDE (__preinit_array_start, .)
 *(.preinit_array_sysinit .preinit_array_sysinit.*)
 *(.preinit_array_platform .preinit_array_platform.*)
 *(.preinit_array .preinit_array.*)
                0x08000570                PROVIDE (__preinit_array_end, .)
                0x08000570                . = ALIGN (0x4)
                0x08000570                PROVIDE (__init_array_start, .)
 *(SORT(.init_array.*))
 *(.init_array)
                0x08000570                PROVIDE (__init_array_end, .)
                0x08000570                . = ALIGN (0x4)
                0x08000570                PROVIDE (__fini_array_start, .)
 *(SORT(.fini_array.*))
 *(.fini_array)
                0x08000570                PROVIDE (__fini_array_end, .)

.flashtext
 *(.flashtext .flashtext.*)

.text           0x08000570     0x5508
 *(.text .text.*)
 .text.HAL_InitTick
                0x08000570       0x2c ./system/src/stm32f4-hal/stm32f4xx_hal.o
                0x08000570                HAL_InitTick
 .text.HAL_Init
                0x0800059c       0x34 ./system/src/stm32f4-hal/stm32f4xx_hal.o
                0x0800059c                HAL_Init
 .text.HAL_IncTick
                0x080005d0       0x10 ./system/src/stm32f4-hal/stm32f4xx_hal.o
                0x080005d0                HAL_IncTick
 .text.HAL_GetTick
                0x080005e0        0xc ./system/src/stm32f4-hal/stm32f4xx_hal.o
                0x080005e0                HAL_GetTick
 .text.HAL_Delay
                0x080005ec       0x24 ./system/src/stm32f4-hal/stm32f4xx_hal.o
                0x080005ec                HAL_Delay
 .text.HAL_NVIC_SetPriorityGrouping
                0x08000610       0x3c ./system/src/stm32f4-hal/stm32f4xx_hal_cortex.o
                0x08000610                HAL_NVIC_SetPriorityGrouping
 .text.HAL_NVIC_SetPriority
                0x0800064c       0x88 ./system/src/stm32f4-hal/stm32f4xx_hal_cortex.o
                0x0800064c                HAL_NVIC_SetPriority
 .text.HAL_SYSTICK_Config
                0x080006d4       0x2c ./system/src/stm32f4-hal/stm32f4xx_hal_cortex.o
                0x080006d4                HAL_SYSTICK_Config
 .text.HAL_SYSTICK_CLKSourceConfig
                0x08000700       0x3c ./system/src/stm32f4-hal/stm32f4xx_hal_cortex.o
                0x08000700                HAL_SYSTICK_CLKSourceConfig
 .text.HAL_SYSTICK_Callback
                0x0800073c        0x2 ./system/src/stm32f4-hal/stm32f4xx_hal_cortex.o
                0x0800073c                HAL_SYSTICK_Callback
 .text.HAL_SYSTICK_IRQHandler
                0x0800073e        0x8 ./system/src/stm32f4-hal/stm32f4xx_hal_cortex.o
                0x0800073e                HAL_SYSTICK_IRQHandler
 *fill*         0x08000746        0x2 
 .text.HAL_GPIO_Init
                0x08000748      0x2f8 ./system/src/stm32f4-hal/stm32f4xx_hal_gpio.o
                0x08000748                HAL_GPIO_Init
 .text.HAL_GPIO_WritePin
                0x08000a40       0x34 ./system/src/stm32f4-hal/stm32f4xx_hal_gpio.o
                0x08000a40                HAL_GPIO_WritePin
 .text.HAL_GPIO_TogglePin
                0x08000a74       0x20 ./system/src/stm32f4-hal/stm32f4xx_hal_gpio.o
                0x08000a74                HAL_GPIO_TogglePin
 .text.HAL_RCC_OscConfig
                0x08000a94      0x4a0 ./system/src/stm32f4-hal/stm32f4xx_hal_rcc.o
                0x08000a94                HAL_RCC_OscConfig
 .text.HAL_RCC_GetSysClockFreq
                0x08000f34       0x94 ./system/src/stm32f4-hal/stm32f4xx_hal_rcc.o
                0x08000f34                HAL_RCC_GetSysClockFreq
 .text.HAL_RCC_ClockConfig
                0x08000fc8      0x250 ./system/src/stm32f4-hal/stm32f4xx_hal_rcc.o
                0x08000fc8                HAL_RCC_ClockConfig
 .text.HAL_RCC_GetHCLKFreq
                0x08001218        0xc ./system/src/stm32f4-hal/stm32f4xx_hal_rcc.o
                0x08001218                HAL_RCC_GetHCLKFreq
 .text.HAL_RCC_GetPCLK1Freq
                0x08001224       0x2c ./system/src/stm32f4-hal/stm32f4xx_hal_rcc.o
                0x08001224                HAL_RCC_GetPCLK1Freq
 .text.HAL_RCC_GetPCLK2Freq
                0x08001250       0x2c ./system/src/stm32f4-hal/stm32f4xx_hal_rcc.o
                0x08001250                HAL_RCC_GetPCLK2Freq
 .text.UART_SetConfig
                0x0800127c      0x3a8 ./system/src/stm32f4-hal/stm32f4xx_hal_uart.o
 .text.UART_WaitOnFlagUntilTimeout
                0x08001624       0x64 ./system/src/stm32f4-hal/stm32f4xx_hal_uart.o
 .text.HAL_UART_Init
                0x08001688      0x120 ./system/src/stm32f4-hal/stm32f4xx_hal_uart.o
                0x08001688                HAL_UART_Init
 .text.HAL_UART_Transmit
                0x080017a8       0xe2 ./system/src/stm32f4-hal/stm32f4xx_hal_uart.o
                0x080017a8                HAL_UART_Transmit
 .text.HAL_UART_Receive
                0x0800188a       0xe6 ./system/src/stm32f4-hal/stm32f4xx_hal_uart.o
                0x0800188a                HAL_UART_Receive
 .text._exit    0x08001970        0x2 ./system/src/newlib/_exit.o
                0x08001970                _exit
 *fill*         0x08001972        0x2 
 .text._sbrk    0x08001974       0x44 ./system/src/newlib/_sbrk.o
                0x08001974                _sbrk
 .text.__initialize_args
                0x080019b8       0x10 ./system/src/newlib/_syscalls.o
                0x080019b8                __initialize_args
 .text.trace_printf
                0x080019c8       0x30 ./system/src/diag/Trace.o
                0x080019c8                trace_printf
 .text.trace_write
                0x080019f8        0x6 ./system/src/diag/trace_impl.o
                0x080019f8                trace_write
 *fill*         0x080019fe        0x2 
 .text.__initialize_hardware_early
                0x08001a00       0x18 ./system/src/cortexm/_initialize_hardware.o
                0x08001a00                __initialize_hardware_early
 .text.dumpExceptionStack
                0x08001a18       0xf4 ./system/src/cortexm/exception_handlers.o
                0x08001a18                dumpExceptionStack
 .text.Default_Handler
                0x08001b0c        0x2 ./system/src/cmsis/startup_stm32f407xx.o
                0x08001b0c                RTC_Alarm_IRQHandler
                0x08001b0c                HASH_RNG_IRQHandler
                0x08001b0c                EXTI2_IRQHandler
                0x08001b0c                TIM8_CC_IRQHandler
                0x08001b0c                TIM1_CC_IRQHandler
                0x08001b0c                DMA2_Stream5_IRQHandler
                0x08001b0c                DMA1_Stream5_IRQHandler
                0x08001b0c                PVD_IRQHandler
                0x08001b0c                SDIO_IRQHandler
                0x08001b0c                TAMP_STAMP_IRQHandler
                0x08001b0c                CAN2_RX1_IRQHandler
                0x08001b0c                EXTI3_IRQHandler
                0x08001b0c                TIM8_TRG_COM_TIM14_IRQHandler
                0x08001b0c                TIM1_UP_TIM10_IRQHandler
                0x08001b0c                TIM8_UP_TIM13_IRQHandler
                0x08001b0c                I2C3_ER_IRQHandler
                0x08001b0c                EXTI0_IRQHandler
                0x08001b0c                I2C2_EV_IRQHandler
                0x08001b0c                DMA1_Stream2_IRQHandler
                0x08001b0c                CAN1_RX0_IRQHandler
                0x08001b0c                FPU_IRQHandler
                0x08001b0c                OTG_HS_WKUP_IRQHandler
                0x08001b0c                CAN2_SCE_IRQHandler
                0x08001b0c                DMA2_Stream2_IRQHandler
                0x08001b0c                SPI1_IRQHandler
                0x08001b0c                TIM6_DAC_IRQHandler
                0x08001b0c                TIM1_BRK_TIM9_IRQHandler
                0x08001b0c                DCMI_IRQHandler
                0x08001b0c                CAN2_RX0_IRQHandler
                0x08001b0c                DMA2_Stream3_IRQHandler
                0x08001b0c                USART6_IRQHandler
                0x08001b0c                USART3_IRQHandler
                0x08001b0c                CAN1_RX1_IRQHandler
                0x08001b0c                UART5_IRQHandler
                0x08001b0c                DMA2_Stream0_IRQHandler
                0x08001b0c                TIM4_IRQHandler
                0x08001b0c                I2C1_EV_IRQHandler
                0x08001b0c                DMA1_Stream6_IRQHandler
                0x08001b0c                DMA1_Stream1_IRQHandler
                0x08001b0c                UART4_IRQHandler
                0x08001b0c                TIM3_IRQHandler
                0x08001b0c                RCC_IRQHandler
                0x08001b0c                TIM8_BRK_TIM12_IRQHandler
                0x08001b0c                Default_Handler
                0x08001b0c                EXTI15_10_IRQHandler
                0x08001b0c                ADC_IRQHandler
                0x08001b0c                DMA1_Stream7_IRQHandler
                0x08001b0c                TIM7_IRQHandler
                0x08001b0c                CAN2_TX_IRQHandler
                0x08001b0c                TIM5_IRQHandler
                0x08001b0c                DMA2_Stream7_IRQHandler
                0x08001b0c                I2C3_EV_IRQHandler
                0x08001b0c                EXTI9_5_IRQHandler
                0x08001b0c                RTC_WKUP_IRQHandler
                0x08001b0c                ETH_WKUP_IRQHandler
                0x08001b0c                SPI2_IRQHandler
                0x08001b0c                OTG_HS_EP1_IN_IRQHandler
                0x08001b0c                DMA1_Stream0_IRQHandler
                0x08001b0c                CAN1_TX_IRQHandler
                0x08001b0c                EXTI4_IRQHandler
                0x08001b0c                FSMC_IRQHandler
                0x08001b0c                ETH_IRQHandler
                0x08001b0c                OTG_HS_EP1_OUT_IRQHandler
                0x08001b0c                WWDG_IRQHandler
                0x08001b0c                TIM2_IRQHandler
                0x08001b0c                OTG_FS_WKUP_IRQHandler
                0x08001b0c                TIM1_TRG_COM_TIM11_IRQHandler
                0x08001b0c                OTG_HS_IRQHandler
                0x08001b0c                EXTI1_IRQHandler
                0x08001b0c                USART2_IRQHandler
                0x08001b0c                I2C2_ER_IRQHandler
                0x08001b0c                DMA2_Stream1_IRQHandler
                0x08001b0c                CAN1_SCE_IRQHandler
                0x08001b0c                FLASH_IRQHandler
                0x08001b0c                DMA2_Stream4_IRQHandler
                0x08001b0c                USART1_IRQHandler
                0x08001b0c                OTG_FS_IRQHandler
                0x08001b0c                SPI3_IRQHandler
                0x08001b0c                DMA1_Stream4_IRQHandler
                0x08001b0c                I2C1_ER_IRQHandler
                0x08001b0c                DMA2_Stream6_IRQHandler
                0x08001b0c                DMA1_Stream3_IRQHandler
 *fill*         0x08001b0e        0x2 
 .text.SystemInit
                0x08001b10       0x40 ./system/src/cmsis/system_stm32f4xx.o
                0x08001b10                SystemInit
 .text.SystemCoreClockUpdate
                0x08001b50       0xa0 ./system/src/cmsis/system_stm32f4xx.o
                0x08001b50                SystemCoreClockUpdate
 .text.SystemClock_Config
                0x08001bf0       0xa0 ./src/_initialize_hardware.o
                0x08001bf0                SystemClock_Config
 .text.__initialize_hardware
                0x08001c90       0x10 ./src/_initialize_hardware.o
                0x08001c90                __initialize_hardware
 .text._ZL12MX_GPIO_Initv
                0x08001ca0       0x70 ./src/main.o
 .text._Z14_Error_HandlerPci
                0x08001d10        0x2 ./src/main.o
                0x08001d10                _Error_Handler(char*, int)
 *fill*         0x08001d12        0x2 
 .text._ZL19MX_USART6_UART_Initv
                0x08001d14       0x3c ./src/main.o
 .text._Z18SystemClock_Configv
                0x08001d50       0xa8 ./src/main.o
                0x08001d50                SystemClock_Config()
 .text.main     0x08001df8       0x54 ./src/main.o
                0x08001df8                main
 .text.assert_failed
                0x08001e4c        0x2 ./src/main.o
                0x08001e4c                assert_failed
 *fill*         0x08001e4e        0x2 
 .text.RetargetInit
                0x08001e50       0x20 ./src/retarget.o
                0x08001e50                RetargetInit
 .text._isatty  0x08001e70       0x16 ./src/retarget.o
                0x08001e70                _isatty
 *fill*         0x08001e86        0x2 
 .text._write   0x08001e88       0x34 ./src/retarget.o
                0x08001e88                _write
 .text._close   0x08001ebc       0x18 ./src/retarget.o
                0x08001ebc                _close
 .text._read    0x08001ed4       0x30 ./src/retarget.o
                0x08001ed4                _read
 .text._fstat   0x08001f04       0x1a ./src/retarget.o
                0x08001f04                _fstat
 .text._lseek   0x08001f1e        0x4 ./src/retarget.o
                0x08001f1e                _lseek
 .text.HAL_MspInit
                0x08001f22       0x5e ./src/stm32f4xx_hal_msp.o
                0x08001f22                HAL_MspInit
 .text.HAL_UART_MspInit
                0x08001f80       0x54 ./src/stm32f4xx_hal_msp.o
                0x08001f80                HAL_UART_MspInit
 .text.NMI_Handler
                0x08001fd4        0x2 ./src/stm32f4xx_it.o
                0x08001fd4                NMI_Handler
 .text.HardFault_Handler
                0x08001fd6        0x2 ./src/stm32f4xx_it.o
                0x08001fd6                HardFault_Handler
 .text.MemManage_Handler
                0x08001fd8        0x2 ./src/stm32f4xx_it.o
                0x08001fd8                MemManage_Handler
 .text.BusFault_Handler
                0x08001fda        0x2 ./src/stm32f4xx_it.o
                0x08001fda                BusFault_Handler
 .text.UsageFault_Handler
                0x08001fdc        0x2 ./src/stm32f4xx_it.o
                0x08001fdc                UsageFault_Handler
 .text.SVC_Handler
                0x08001fde        0x2 ./src/stm32f4xx_it.o
                0x08001fde                SVC_Handler
 .text.DebugMon_Handler
                0x08001fe0        0x2 ./src/stm32f4xx_it.o
                0x08001fe0                DebugMon_Handler
 .text.PendSV_Handler
                0x08001fe2        0x2 ./src/stm32f4xx_it.o
                0x08001fe2                PendSV_Handler
 .text.SysTick_Handler
                0x08001fe4        0xc ./src/stm32f4xx_it.o
                0x08001fe4                SysTick_Handler
 .text.__errno  0x08001ff0        0xc e:/stm32toolchain/gcc-arm/bin/../lib/gcc/arm-none-eabi/6.3.1/../../../../arm-none-eabi/lib/thumb/v7e-m\libg_nano.a(lib_a-errno.o)
                0x08001ff0                __errno
 .text.__cvt    0x08001ffc       0xb8 e:/stm32toolchain/gcc-arm/bin/../lib/gcc/arm-none-eabi/6.3.1/../../../../arm-none-eabi/lib/thumb/v7e-m\libg_nano.a(lib_a-nano-vfprintf_float.o)
                0x08001ffc                __cvt
 .text.__exponent
                0x080020b4       0x6a e:/stm32toolchain/gcc-arm/bin/../lib/gcc/arm-none-eabi/6.3.1/../../../../arm-none-eabi/lib/thumb/v7e-m\libg_nano.a(lib_a-nano-vfprintf_float.o)
                0x080020b4                __exponent
 *fill*         0x0800211e        0x2 
 .text._printf_float
                0x08002120      0x470 e:/stm32toolchain/gcc-arm/bin/../lib/gcc/arm-none-eabi/6.3.1/../../../../arm-none-eabi/lib/thumb/v7e-m\libg_nano.a(lib_a-nano-vfprintf_float.o)
                0x08002120                _printf_float
 .text._printf_common
                0x08002590       0xec e:/stm32toolchain/gcc-arm/bin/../lib/gcc/arm-none-eabi/6.3.1/../../../../arm-none-eabi/lib/thumb/v7e-m\libg_nano.a(lib_a-nano-vfprintf_i.o)
                0x08002590                _printf_common
 .text._printf_i
                0x0800267c      0x240 e:/stm32toolchain/gcc-arm/bin/../lib/gcc/arm-none-eabi/6.3.1/../../../../arm-none-eabi/lib/thumb/v7e-m\libg_nano.a(lib_a-nano-vfprintf_i.o)
                0x0800267c                _printf_i
 .text.printf   0x080028bc       0x30 e:/stm32toolchain/gcc-arm/bin/../lib/gcc/arm-none-eabi/6.3.1/../../../../arm-none-eabi/lib/thumb/v7e-m\libg_nano.a(lib_a-printf.o)
                0x080028bc                iprintf
                0x080028bc                printf
 .text.setvbuf  0x080028ec      0x15c e:/stm32toolchain/gcc-arm/bin/../lib/gcc/arm-none-eabi/6.3.1/../../../../arm-none-eabi/lib/thumb/v7e-m\libg_nano.a(lib_a-setvbuf.o)
                0x080028ec                setvbuf
 .text          0x08002a48       0x10 e:/stm32toolchain/gcc-arm/bin/../lib/gcc/arm-none-eabi/6.3.1/../../../../arm-none-eabi/lib/thumb/v7e-m\libg_nano.a(lib_a-strlen.o)
                0x08002a48                strlen
 .text._vsnprintf_r
                0x08002a58       0x58 e:/stm32toolchain/gcc-arm/bin/../lib/gcc/arm-none-eabi/6.3.1/../../../../arm-none-eabi/lib/thumb/v7e-m\libg_nano.a(lib_a-vsnprintf.o)
                0x08002a58                _vsniprintf_r
                0x08002a58                _vsnprintf_r
 .text.vsnprintf
                0x08002ab0       0x1c e:/stm32toolchain/gcc-arm/bin/../lib/gcc/arm-none-eabi/6.3.1/../../../../arm-none-eabi/lib/thumb/v7e-m\libg_nano.a(lib_a-vsnprintf.o)
                0x08002ab0                vsniprintf
                0x08002ab0                vsnprintf
 .text.quorem   0x08002acc      0x118 e:/stm32toolchain/gcc-arm/bin/../lib/gcc/arm-none-eabi/6.3.1/../../../../arm-none-eabi/lib/thumb/v7e-m\libg_nano.a(lib_a-dtoa.o)
 *fill*         0x08002be4        0x4 
 .text._dtoa_r  0x08002be8      0xba4 e:/stm32toolchain/gcc-arm/bin/../lib/gcc/arm-none-eabi/6.3.1/../../../../arm-none-eabi/lib/thumb/v7e-m\libg_nano.a(lib_a-dtoa.o)
                0x08002be8                _dtoa_r
 .text.__sflush_r
                0x0800378c      0x110 e:/stm32toolchain/gcc-arm/bin/../lib/gcc/arm-none-eabi/6.3.1/../../../../arm-none-eabi/lib/thumb/v7e-m\libg_nano.a(lib_a-fflush.o)
                0x0800378c                __sflush_r
 .text._fflush_r
                0x0800389c       0x54 e:/stm32toolchain/gcc-arm/bin/../lib/gcc/arm-none-eabi/6.3.1/../../../../arm-none-eabi/lib/thumb/v7e-m\libg_nano.a(lib_a-fflush.o)
                0x0800389c                _fflush_r
 .text._cleanup_r
                0x080038f0        0xc e:/stm32toolchain/gcc-arm/bin/../lib/gcc/arm-none-eabi/6.3.1/../../../../arm-none-eabi/lib/thumb/v7e-m\libg_nano.a(lib_a-findfp.o)
                0x080038f0                _cleanup_r
 .text.std.isra.0
                0x080038fc       0x48 e:/stm32toolchain/gcc-arm/bin/../lib/gcc/arm-none-eabi/6.3.1/../../../../arm-none-eabi/lib/thumb/v7e-m\libg_nano.a(lib_a-findfp.o)
 .text.__sfmoreglue
                0x08003944       0x2c e:/stm32toolchain/gcc-arm/bin/../lib/gcc/arm-none-eabi/6.3.1/../../../../arm-none-eabi/lib/thumb/v7e-m\libg_nano.a(lib_a-findfp.o)
                0x08003944                __sfmoreglue
 .text.__sinit  0x08003970       0x60 e:/stm32toolchain/gcc-arm/bin/../lib/gcc/arm-none-eabi/6.3.1/../../../../arm-none-eabi/lib/thumb/v7e-m\libg_nano.a(lib_a-findfp.o)
                0x08003970                __sinit
 .text.__sfp    0x080039d0       0x78 e:/stm32toolchain/gcc-arm/bin/../lib/gcc/arm-none-eabi/6.3.1/../../../../arm-none-eabi/lib/thumb/v7e-m\libg_nano.a(lib_a-findfp.o)
                0x080039d0                __sfp
 .text._fwalk_reent
                0x08003a48       0x3c e:/stm32toolchain/gcc-arm/bin/../lib/gcc/arm-none-eabi/6.3.1/../../../../arm-none-eabi/lib/thumb/v7e-m\libg_nano.a(lib_a-fwalk.o)
                0x08003a48                _fwalk_reent
 .text._localeconv_r
                0x08003a84       0x1c e:/stm32toolchain/gcc-arm/bin/../lib/gcc/arm-none-eabi/6.3.1/../../../../arm-none-eabi/lib/thumb/v7e-m\libg_nano.a(lib_a-localeconv.o)
                0x08003a84                _localeconv_r
 .text.__swhatbuf_r
                0x08003aa0       0x48 e:/stm32toolchain/gcc-arm/bin/../lib/gcc/arm-none-eabi/6.3.1/../../../../arm-none-eabi/lib/thumb/v7e-m\libg_nano.a(lib_a-makebuf.o)
                0x08003aa0                __swhatbuf_r
 .text.__smakebuf_r
                0x08003ae8       0x80 e:/stm32toolchain/gcc-arm/bin/../lib/gcc/arm-none-eabi/6.3.1/../../../../arm-none-eabi/lib/thumb/v7e-m\libg_nano.a(lib_a-makebuf.o)
                0x08003ae8                __smakebuf_r
 .text.malloc   0x08003b68       0x10 e:/stm32toolchain/gcc-arm/bin/../lib/gcc/arm-none-eabi/6.3.1/../../../../arm-none-eabi/lib/thumb/v7e-m\libg_nano.a(lib_a-malloc.o)
                0x08003b68                malloc
 *fill*         0x08003b78        0x8 
 .text          0x08003b80       0xa0 e:/stm32toolchain/gcc-arm/bin/../lib/gcc/arm-none-eabi/6.3.1/../../../../arm-none-eabi/lib/thumb/v7e-m\libg_nano.a(lib_a-memchr.o)
                0x08003b80                memchr
 .text.memcpy   0x08003c20       0x16 e:/stm32toolchain/gcc-arm/bin/../lib/gcc/arm-none-eabi/6.3.1/../../../../arm-none-eabi/lib/thumb/v7e-m\libg_nano.a(lib_a-memcpy-stub.o)
                0x08003c20                memcpy
 .text.memset   0x08003c36       0x10 e:/stm32toolchain/gcc-arm/bin/../lib/gcc/arm-none-eabi/6.3.1/../../../../arm-none-eabi/lib/thumb/v7e-m\libg_nano.a(lib_a-memset.o)
                0x08003c36                memset
 .text._Balloc  0x08003c46       0x68 e:/stm32toolchain/gcc-arm/bin/../lib/gcc/arm-none-eabi/6.3.1/../../../../arm-none-eabi/lib/thumb/v7e-m\libg_nano.a(lib_a-mprec.o)
                0x08003c46                _Balloc
 .text._Bfree   0x08003cae       0x2e e:/stm32toolchain/gcc-arm/bin/../lib/gcc/arm-none-eabi/6.3.1/../../../../arm-none-eabi/lib/thumb/v7e-m\libg_nano.a(lib_a-mprec.o)
                0x08003cae                _Bfree
 .text.__multadd
                0x08003cdc       0x76 e:/stm32toolchain/gcc-arm/bin/../lib/gcc/arm-none-eabi/6.3.1/../../../../arm-none-eabi/lib/thumb/v7e-m\libg_nano.a(lib_a-mprec.o)
                0x08003cdc                __multadd
 .text.__hi0bits
                0x08003d52       0x3e e:/stm32toolchain/gcc-arm/bin/../lib/gcc/arm-none-eabi/6.3.1/../../../../arm-none-eabi/lib/thumb/v7e-m\libg_nano.a(lib_a-mprec.o)
                0x08003d52                __hi0bits
 .text.__lo0bits
                0x08003d90       0x5e e:/stm32toolchain/gcc-arm/bin/../lib/gcc/arm-none-eabi/6.3.1/../../../../arm-none-eabi/lib/thumb/v7e-m\libg_nano.a(lib_a-mprec.o)
                0x08003d90                __lo0bits
 .text.__i2b    0x08003dee       0x12 e:/stm32toolchain/gcc-arm/bin/../lib/gcc/arm-none-eabi/6.3.1/../../../../arm-none-eabi/lib/thumb/v7e-m\libg_nano.a(lib_a-mprec.o)
                0x08003dee                __i2b
 .text.__multiply
                0x08003e00      0x11a e:/stm32toolchain/gcc-arm/bin/../lib/gcc/arm-none-eabi/6.3.1/../../../../arm-none-eabi/lib/thumb/v7e-m\libg_nano.a(lib_a-mprec.o)
                0x08003e00                __multiply
 *fill*         0x08003f1a        0x2 
 .text.__pow5mult
                0x08003f1c       0x9c e:/stm32toolchain/gcc-arm/bin/../lib/gcc/arm-none-eabi/6.3.1/../../../../arm-none-eabi/lib/thumb/v7e-m\libg_nano.a(lib_a-mprec.o)
                0x08003f1c                __pow5mult
 .text.__lshift
                0x08003fb8       0xa2 e:/stm32toolchain/gcc-arm/bin/../lib/gcc/arm-none-eabi/6.3.1/../../../../arm-none-eabi/lib/thumb/v7e-m\libg_nano.a(lib_a-mprec.o)
                0x08003fb8                __lshift
 .text.__mcmp   0x0800405a       0x34 e:/stm32toolchain/gcc-arm/bin/../lib/gcc/arm-none-eabi/6.3.1/../../../../arm-none-eabi/lib/thumb/v7e-m\libg_nano.a(lib_a-mprec.o)
                0x0800405a                __mcmp
 .text.__mdiff  0x0800408e       0xbc e:/stm32toolchain/gcc-arm/bin/../lib/gcc/arm-none-eabi/6.3.1/../../../../arm-none-eabi/lib/thumb/v7e-m\libg_nano.a(lib_a-mprec.o)
                0x0800408e                __mdiff
 .text.__d2b    0x0800414a       0x9e e:/stm32toolchain/gcc-arm/bin/../lib/gcc/arm-none-eabi/6.3.1/../../../../arm-none-eabi/lib/thumb/v7e-m\libg_nano.a(lib_a-mprec.o)
                0x0800414a                __d2b
 .text._calloc_r
                0x080041e8       0x1c e:/stm32toolchain/gcc-arm/bin/../lib/gcc/arm-none-eabi/6.3.1/../../../../arm-none-eabi/lib/thumb/v7e-m\libg_nano.a(lib_a-nano-callocr.o)
                0x080041e8                _calloc_r
 .text._free_r  0x08004204       0x9c e:/stm32toolchain/gcc-arm/bin/../lib/gcc/arm-none-eabi/6.3.1/../../../../arm-none-eabi/lib/thumb/v7e-m\libg_nano.a(lib_a-nano-freer.o)
                0x08004204                _free_r
 .text._malloc_r
                0x080042a0       0xbc e:/stm32toolchain/gcc-arm/bin/../lib/gcc/arm-none-eabi/6.3.1/../../../../arm-none-eabi/lib/thumb/v7e-m\libg_nano.a(lib_a-nano-mallocr.o)
                0x080042a0                _malloc_r
 .text.__ssputs_r
                0x0800435c       0xb6 e:/stm32toolchain/gcc-arm/bin/../lib/gcc/arm-none-eabi/6.3.1/../../../../arm-none-eabi/lib/thumb/v7e-m\libg_nano.a(lib_a-nano-svfprintf.o)
                0x0800435c                __ssputs_r
 *fill*         0x08004412        0x2 
 .text._svfprintf_r
                0x08004414      0x1e8 e:/stm32toolchain/gcc-arm/bin/../lib/gcc/arm-none-eabi/6.3.1/../../../../arm-none-eabi/lib/thumb/v7e-m\libg_nano.a(lib_a-nano-svfprintf.o)
                0x08004414                _svfiprintf_r
                0x08004414                _svfprintf_r
 .text.__sfputc_r
                0x080045fc       0x2c e:/stm32toolchain/gcc-arm/bin/../lib/gcc/arm-none-eabi/6.3.1/../../../../arm-none-eabi/lib/thumb/v7e-m\libg_nano.a(lib_a-nano-vfprintf.o)
 .text.__sfputs_r
                0x08004628       0x24 e:/stm32toolchain/gcc-arm/bin/../lib/gcc/arm-none-eabi/6.3.1/../../../../arm-none-eabi/lib/thumb/v7e-m\libg_nano.a(lib_a-nano-vfprintf.o)
                0x08004628                __sfputs_r
 .text._vfprintf_r
                0x0800464c      0x22c e:/stm32toolchain/gcc-arm/bin/../lib/gcc/arm-none-eabi/6.3.1/../../../../arm-none-eabi/lib/thumb/v7e-m\libg_nano.a(lib_a-nano-vfprintf.o)
                0x0800464c                _vfprintf_r
                0x0800464c                _vfiprintf_r
 .text._sbrk_r  0x08004878       0x20 e:/stm32toolchain/gcc-arm/bin/../lib/gcc/arm-none-eabi/6.3.1/../../../../arm-none-eabi/lib/thumb/v7e-m\libg_nano.a(lib_a-sbrkr.o)
                0x08004878                _sbrk_r
 .text.__sread  0x08004898       0x22 e:/stm32toolchain/gcc-arm/bin/../lib/gcc/arm-none-eabi/6.3.1/../../../../arm-none-eabi/lib/thumb/v7e-m\libg_nano.a(lib_a-stdio.o)
                0x08004898                __sread
 .text.__swrite
                0x080048ba       0x38 e:/stm32toolchain/gcc-arm/bin/../lib/gcc/arm-none-eabi/6.3.1/../../../../arm-none-eabi/lib/thumb/v7e-m\libg_nano.a(lib_a-stdio.o)
                0x080048ba                __swrite
 .text.__sseek  0x080048f2       0x24 e:/stm32toolchain/gcc-arm/bin/../lib/gcc/arm-none-eabi/6.3.1/../../../../arm-none-eabi/lib/thumb/v7e-m\libg_nano.a(lib_a-stdio.o)
                0x080048f2                __sseek
 .text.__sclose
                0x08004916        0x8 e:/stm32toolchain/gcc-arm/bin/../lib/gcc/arm-none-eabi/6.3.1/../../../../arm-none-eabi/lib/thumb/v7e-m\libg_nano.a(lib_a-stdio.o)
                0x08004916                __sclose
 *fill*         0x0800491e        0x2 
 .text.__swbuf_r
                0x08004920       0xa4 e:/stm32toolchain/gcc-arm/bin/../lib/gcc/arm-none-eabi/6.3.1/../../../../arm-none-eabi/lib/thumb/v7e-m\libg_nano.a(lib_a-wbuf.o)
                0x08004920                __swbuf_r
 .text._write_r
                0x080049c4       0x24 e:/stm32toolchain/gcc-arm/bin/../lib/gcc/arm-none-eabi/6.3.1/../../../../arm-none-eabi/lib/thumb/v7e-m\libg_nano.a(lib_a-writer.o)
                0x080049c4                _write_r
 .text.__swsetup_r
                0x080049e8       0xdc e:/stm32toolchain/gcc-arm/bin/../lib/gcc/arm-none-eabi/6.3.1/../../../../arm-none-eabi/lib/thumb/v7e-m\libg_nano.a(lib_a-wsetup.o)
                0x080049e8                __swsetup_r
 .text._close_r
                0x08004ac4       0x20 e:/stm32toolchain/gcc-arm/bin/../lib/gcc/arm-none-eabi/6.3.1/../../../../arm-none-eabi/lib/thumb/v7e-m\libg_nano.a(lib_a-closer.o)
                0x08004ac4                _close_r
 .text._fstat_r
                0x08004ae4       0x24 e:/stm32toolchain/gcc-arm/bin/../lib/gcc/arm-none-eabi/6.3.1/../../../../arm-none-eabi/lib/thumb/v7e-m\libg_nano.a(lib_a-fstatr.o)
                0x08004ae4                _fstat_r
 .text._isatty_r
                0x08004b08       0x20 e:/stm32toolchain/gcc-arm/bin/../lib/gcc/arm-none-eabi/6.3.1/../../../../arm-none-eabi/lib/thumb/v7e-m\libg_nano.a(lib_a-isattyr.o)
                0x08004b08                _isatty_r
 .text._lseek_r
                0x08004b28       0x24 e:/stm32toolchain/gcc-arm/bin/../lib/gcc/arm-none-eabi/6.3.1/../../../../arm-none-eabi/lib/thumb/v7e-m\libg_nano.a(lib_a-lseekr.o)
                0x08004b28                _lseek_r
 .text.__ascii_mbtowc
                0x08004b4c       0x24 e:/stm32toolchain/gcc-arm/bin/../lib/gcc/arm-none-eabi/6.3.1/../../../../arm-none-eabi/lib/thumb/v7e-m\libg_nano.a(lib_a-mbtowc_r.o)
                0x08004b4c                __ascii_mbtowc
 .text.memmove  0x08004b70       0x34 e:/stm32toolchain/gcc-arm/bin/../lib/gcc/arm-none-eabi/6.3.1/../../../../arm-none-eabi/lib/thumb/v7e-m\libg_nano.a(lib_a-memmove.o)
                0x08004b70                memmove
 .text.__malloc_lock
                0x08004ba4        0x2 e:/stm32toolchain/gcc-arm/bin/../lib/gcc/arm-none-eabi/6.3.1/../../../../arm-none-eabi/lib/thumb/v7e-m\libg_nano.a(lib_a-mlock.o)
                0x08004ba4                __malloc_lock
 .text.__malloc_unlock
                0x08004ba6        0x2 e:/stm32toolchain/gcc-arm/bin/../lib/gcc/arm-none-eabi/6.3.1/../../../../arm-none-eabi/lib/thumb/v7e-m\libg_nano.a(lib_a-mlock.o)
                0x08004ba6                __malloc_unlock
 .text._realloc_r
                0x08004ba8       0x4c e:/stm32toolchain/gcc-arm/bin/../lib/gcc/arm-none-eabi/6.3.1/../../../../arm-none-eabi/lib/thumb/v7e-m\libg_nano.a(lib_a-nano-reallocr.o)
                0x08004ba8                _realloc_r
 .text._read_r  0x08004bf4       0x24 e:/stm32toolchain/gcc-arm/bin/../lib/gcc/arm-none-eabi/6.3.1/../../../../arm-none-eabi/lib/thumb/v7e-m\libg_nano.a(lib_a-readr.o)
                0x08004bf4                _read_r
 .text.__ascii_wctomb
                0x08004c18       0x1a e:/stm32toolchain/gcc-arm/bin/../lib/gcc/arm-none-eabi/6.3.1/../../../../arm-none-eabi/lib/thumb/v7e-m\libg_nano.a(lib_a-wctomb_r.o)
                0x08004c18                __ascii_wctomb
 .text._malloc_usable_size_r
                0x08004c32       0x12 e:/stm32toolchain/gcc-arm/bin/../lib/gcc/arm-none-eabi/6.3.1/../../../../arm-none-eabi/lib/thumb/v7e-m\libg_nano.a(lib_a-nano-msizer.o)
                0x08004c32                _malloc_usable_size_r
 .text          0x08004c44      0x370 e:/stm32toolchain/gcc-arm/bin/../lib/gcc/arm-none-eabi/6.3.1/thumb/v7e-m\libgcc.a(_arm_addsubdf3.o)
                0x08004c44                __aeabi_drsub
                0x08004c4c                __aeabi_dsub
                0x08004c4c                __subdf3
                0x08004c50                __aeabi_dadd
                0x08004c50                __adddf3
                0x08004ec8                __floatunsidf
                0x08004ec8                __aeabi_ui2d
                0x08004ee8                __floatsidf
                0x08004ee8                __aeabi_i2d
                0x08004f0c                __aeabi_f2d
                0x08004f0c                __extendsfdf2
                0x08004f48                __floatundidf
                0x08004f48                __aeabi_ul2d
                0x08004f58                __floatdidf
                0x08004f58                __aeabi_l2d
 .text          0x08004fb4      0x424 e:/stm32toolchain/gcc-arm/bin/../lib/gcc/arm-none-eabi/6.3.1/thumb/v7e-m\libgcc.a(_arm_muldivdf3.o)
                0x08004fb4                __aeabi_dmul
                0x08004fb4                __muldf3
                0x08005208                __divdf3
                0x08005208                __aeabi_ddiv
 .text          0x080053d8      0x110 e:/stm32toolchain/gcc-arm/bin/../lib/gcc/arm-none-eabi/6.3.1/thumb/v7e-m\libgcc.a(_arm_cmpdf2.o)
                0x080053d8                __gtdf2
                0x080053d8                __gedf2
                0x080053e0                __ltdf2
                0x080053e0                __ledf2
                0x080053e8                __nedf2
                0x080053e8                __eqdf2
                0x080053e8                __cmpdf2
                0x08005464                __aeabi_cdrcmple
                0x08005474                __aeabi_cdcmpeq
                0x08005474                __aeabi_cdcmple
                0x08005484                __aeabi_dcmpeq
                0x08005498                __aeabi_dcmplt
                0x080054ac                __aeabi_dcmple
                0x080054c0                __aeabi_dcmpge
                0x080054d4                __aeabi_dcmpgt
 .text          0x080054e8       0x2c e:/stm32toolchain/gcc-arm/bin/../lib/gcc/arm-none-eabi/6.3.1/thumb/v7e-m\libgcc.a(_arm_unorddf2.o)
                0x080054e8                __unorddf2
                0x080054e8                __aeabi_dcmpun
 .text          0x08005514       0x50 e:/stm32toolchain/gcc-arm/bin/../lib/gcc/arm-none-eabi/6.3.1/thumb/v7e-m\libgcc.a(_arm_fixdfsi.o)
                0x08005514                __aeabi_d2iz
                0x08005514                __fixdfsi
 *(.rodata .rodata.* .constdata .constdata.*)
 .rodata.HAL_NVIC_SetPriorityGrouping.str1.4
                0x08005564       0x31 ./system/src/stm32f4-hal/stm32f4xx_hal_cortex.o
 *fill*         0x08005595        0x3 
 .rodata.HAL_GPIO_Init.str1.4
                0x08005598       0x2f ./system/src/stm32f4-hal/stm32f4xx_hal_gpio.o
 *fill*         0x080055c7        0x1 
 .rodata.APBAHBPrescTable
                0x080055c8       0x10 ./system/src/stm32f4-hal/stm32f4xx_hal_rcc.o
                0x080055c8                APBAHBPrescTable
 .rodata.HAL_RCC_OscConfig.str1.4
                0x080055d8       0x2e ./system/src/stm32f4-hal/stm32f4xx_hal_rcc.o
 *fill*         0x08005606        0x2 
 .rodata.UART_SetConfig.str1.4
                0x08005608       0x2f ./system/src/stm32f4-hal/stm32f4xx_hal_uart.o
 *fill*         0x08005637        0x1 
 .rodata.dumpExceptionStack.str1.4
                0x08005638      0x11a ./system/src/cortexm/exception_handlers.o
 *fill*         0x08005752        0x2 
 .rodata.str1.4
                0x08005754       0x2a ./system/src/cortexm/exception_handlers.o
 *fill*         0x0800577e        0x2 
 .rodata.AHBPrescTable
                0x08005780       0x10 ./system/src/cmsis/system_stm32f4xx.o
                0x08005780                AHBPrescTable
 .rodata._ZL19MX_USART6_UART_Initv.str1.4
                0x08005790       0x10 ./src/main.o
 .rodata.main.str1.4
                0x080057a0       0x18 ./src/main.o
                                 0x16 (size before relaxing)
 .rodata._global_impure_ptr
                0x080057b8        0x4 e:/stm32toolchain/gcc-arm/bin/../lib/gcc/arm-none-eabi/6.3.1/../../../../arm-none-eabi/lib/thumb/v7e-m\libg_nano.a(lib_a-impure.o)
                0x080057b8                _global_impure_ptr
 .rodata._printf_float.str1.1
                0x080057bc       0x12 e:/stm32toolchain/gcc-arm/bin/../lib/gcc/arm-none-eabi/6.3.1/../../../../arm-none-eabi/lib/thumb/v7e-m\libg_nano.a(lib_a-nano-vfprintf_float.o)
 .rodata._printf_i.str1.1
                0x080057ce       0x22 e:/stm32toolchain/gcc-arm/bin/../lib/gcc/arm-none-eabi/6.3.1/../../../../arm-none-eabi/lib/thumb/v7e-m\libg_nano.a(lib_a-nano-vfprintf_i.o)
 .rodata._dtoa_r.str1.1
                0x080057f0        0xd e:/stm32toolchain/gcc-arm/bin/../lib/gcc/arm-none-eabi/6.3.1/../../../../arm-none-eabi/lib/thumb/v7e-m\libg_nano.a(lib_a-dtoa.o)
                                  0xf (size before relaxing)
 *fill*         0x080057fd        0x3 
 .rodata.__sf_fake_stderr
                0x08005800       0x20 e:/stm32toolchain/gcc-arm/bin/../lib/gcc/arm-none-eabi/6.3.1/../../../../arm-none-eabi/lib/thumb/v7e-m\libg_nano.a(lib_a-findfp.o)
                0x08005800                __sf_fake_stderr
 .rodata.__sf_fake_stdin
                0x08005820       0x20 e:/stm32toolchain/gcc-arm/bin/../lib/gcc/arm-none-eabi/6.3.1/../../../../arm-none-eabi/lib/thumb/v7e-m\libg_nano.a(lib_a-findfp.o)
                0x08005820                __sf_fake_stdin
 .rodata.__sf_fake_stdout
                0x08005840       0x20 e:/stm32toolchain/gcc-arm/bin/../lib/gcc/arm-none-eabi/6.3.1/../../../../arm-none-eabi/lib/thumb/v7e-m\libg_nano.a(lib_a-findfp.o)
                0x08005840                __sf_fake_stdout
 .rodata.__mprec_bigtens
                0x08005860       0x28 e:/stm32toolchain/gcc-arm/bin/../lib/gcc/arm-none-eabi/6.3.1/../../../../arm-none-eabi/lib/thumb/v7e-m\libg_nano.a(lib_a-mprec.o)
                0x08005860                __mprec_bigtens
 .rodata.__mprec_tens
                0x08005888       0xc8 e:/stm32toolchain/gcc-arm/bin/../lib/gcc/arm-none-eabi/6.3.1/../../../../arm-none-eabi/lib/thumb/v7e-m\libg_nano.a(lib_a-mprec.o)
                0x08005888                __mprec_tens
 .rodata.p05.6047
                0x08005950        0xc e:/stm32toolchain/gcc-arm/bin/../lib/gcc/arm-none-eabi/6.3.1/../../../../arm-none-eabi/lib/thumb/v7e-m\libg_nano.a(lib_a-mprec.o)
 .rodata._svfprintf_r.str1.1
                0x0800595c       0x11 e:/stm32toolchain/gcc-arm/bin/../lib/gcc/arm-none-eabi/6.3.1/../../../../arm-none-eabi/lib/thumb/v7e-m\libg_nano.a(lib_a-nano-svfprintf.o)
 .rodata._vfprintf_r.str1.1
                0x0800596d       0x11 e:/stm32toolchain/gcc-arm/bin/../lib/gcc/arm-none-eabi/6.3.1/../../../../arm-none-eabi/lib/thumb/v7e-m\libg_nano.a(lib_a-nano-vfprintf.o)
 .rodata._setlocale_r.str1.1
                0x0800596d        0x8 e:/stm32toolchain/gcc-arm/bin/../lib/gcc/arm-none-eabi/6.3.1/../../../../arm-none-eabi/lib/thumb/v7e-m\libg_nano.a(lib_a-locale.o)
                                  0x9 (size before relaxing)
 .rodata.str1.1
                0x08005975        0x2 e:/stm32toolchain/gcc-arm/bin/../lib/gcc/arm-none-eabi/6.3.1/../../../../arm-none-eabi/lib/thumb/v7e-m\libg_nano.a(lib_a-locale.o)
 .rodata._ctype_
                0x08005977      0x101 e:/stm32toolchain/gcc-arm/bin/../lib/gcc/arm-none-eabi/6.3.1/../../../../arm-none-eabi/lib/thumb/v7e-m\libg_nano.a(lib_a-ctype_.o)
                0x08005977                _ctype_
 *(vtable)
 *(.eh_frame*)
 *(.glue_7)
 .glue_7        0x08005a78        0x0 linker stubs
 *(.glue_7t)
 .glue_7t       0x08005a78        0x0 linker stubs

.vfp11_veneer   0x08005a78        0x0
 .vfp11_veneer  0x08005a78        0x0 linker stubs

.v4_bx          0x08005a78        0x0
 .v4_bx         0x08005a78        0x0 linker stubs

.iplt           0x08005a78        0x0
 .iplt          0x08005a78        0x0 ./system/src/stm32f4-hal/stm32f4xx_hal.o

.rel.dyn        0x08005a78        0x0
 .rel.iplt      0x08005a78        0x0 ./system/src/stm32f4-hal/stm32f4xx_hal.o

.ARM.extab
 *(.ARM.extab* .gnu.linkonce.armextab.*)
                0x08005a78                . = ALIGN (0x4)
                0x08005a78                __exidx_start = .

.ARM.exidx
 *(.ARM.exidx* .gnu.linkonce.armexidx.*)
                0x08005a78                __exidx_end = .
                0x08005a78                . = ALIGN (0x4)
                0x08005a78                _etext = .
                0x08005a78                __etext = .

.data_CCMRAM    0x10000000        0x0 load address 0x08005a78
 FILL mask 0xff
 *(.data.CCMRAM .data.CCMRAM.*)
                0x10000000                . = ALIGN (0x4)
                0x08005a78                _sidata = LOADADDR (.data)

.data           0x20000000      0x1e4 load address 0x08005a78
 FILL mask 0xff
                0x20000000                _sdata = .
                0x20000000                __data_start__ = .
 *(.data_begin .data_begin.*)
 .data_begin    0x20000000        0x4 ./system/src/newlib/_startup.o
 *(.data .data.*)
 .data.argv.4263
                0x20000004        0x8 ./system/src/newlib/_syscalls.o
 .data.SystemCoreClock
                0x2000000c        0x4 ./system/src/cmsis/system_stm32f4xx.o
                0x2000000c                SystemCoreClock
 .data._impure_ptr
                0x20000010        0x4 e:/stm32toolchain/gcc-arm/bin/../lib/gcc/arm-none-eabi/6.3.1/../../../../arm-none-eabi/lib/thumb/v7e-m\libg_nano.a(lib_a-impure.o)
                0x20000010                _impure_ptr
 .data.impure_data
                0x20000014       0x60 e:/stm32toolchain/gcc-arm/bin/../lib/gcc/arm-none-eabi/6.3.1/../../../../arm-none-eabi/lib/thumb/v7e-m\libg_nano.a(lib_a-impure.o)
 .data.__global_locale
                0x20000074      0x16c e:/stm32toolchain/gcc-arm/bin/../lib/gcc/arm-none-eabi/6.3.1/../../../../arm-none-eabi/lib/thumb/v7e-m\libg_nano.a(lib_a-locale.o)
                0x20000074                __global_locale
 *(.data_end .data_end.*)
 .data_end      0x200001e0        0x4 ./system/src/newlib/_startup.o
                0x200001e4                . = ALIGN (0x4)
                0x200001e4                _edata = .
                0x200001e4                __data_end__ = .

.igot.plt       0x200001e4        0x0 load address 0x08005c5c
 .igot.plt      0x200001e4        0x0 ./system/src/stm32f4-hal/stm32f4xx_hal.o

.bss_CCMRAM     0x10000000        0x0
 *(.bss.CCMRAM .bss.CCMRAM.*)

.bss            0x200001e4       0xe4
                0x200001e4                __bss_start__ = .
                0x200001e4                _sbss = .
 *(.bss_begin .bss_begin.*)
 .bss_begin     0x200001e4        0x4 ./system/src/newlib/_startup.o
 *(.bss .bss.*)
 .bss.current_heap_end.3947
                0x200001e8        0x4 ./system/src/newlib/_sbrk.o
 .bss.name.4262
                0x200001ec        0x1 ./system/src/newlib/_syscalls.o
 *fill*         0x200001ed        0x3 
 .bss.buf.5152  0x200001f0       0x80 ./system/src/diag/Trace.o
 .bss.huart6    0x20000270       0x40 ./src/main.o
                0x20000270                huart6
 .bss.__malloc_free_list
                0x200002b0        0x4 e:/stm32toolchain/gcc-arm/bin/../lib/gcc/arm-none-eabi/6.3.1/../../../../arm-none-eabi/lib/thumb/v7e-m\libg_nano.a(lib_a-nano-mallocr.o)
                0x200002b0                __malloc_free_list
 .bss.__malloc_sbrk_start
                0x200002b4        0x4 e:/stm32toolchain/gcc-arm/bin/../lib/gcc/arm-none-eabi/6.3.1/../../../../arm-none-eabi/lib/thumb/v7e-m\libg_nano.a(lib_a-nano-mallocr.o)
                0x200002b4                __malloc_sbrk_start
 *(COMMON)
 COMMON         0x200002b8        0x4 ./system/src/stm32f4-hal/stm32f4xx_hal.o
                0x200002b8                uwTick
 COMMON         0x200002bc        0x4 ./system/src/newlib/_syscalls.o
                0x200002bc                errno
 COMMON         0x200002c0        0x4 ./src/retarget.o
                0x200002c0                gHuart
 *(.bss_end .bss_end.*)
 .bss_end       0x200002c4        0x4 ./system/src/newlib/_startup.o
                0x200002c8                . = ALIGN (0x4)
                0x200002c8                __bss_end__ = .
                0x200002c8                _ebss = .

.noinit_CCMRAM
 *(.noinit.CCMRAM .noinit.CCMRAM.*)

.noinit         0x200002c8        0x0
                0x200002c8                _noinit = .
 *(.noinit .noinit.*)
                0x200002c8                . = ALIGN (0x4)
                0x200002c8                _end_noinit = .
                [!provide]                PROVIDE (end, _end_noinit)
                [!provide]                PROVIDE (_end, _end_noinit)
                [!provide]                PROVIDE (__end, _end_noinit)
                [!provide]                PROVIDE (__end__, _end_noinit)

._check_stack   0x200002c8      0x100
                0x200003c8                . = (. + _Minimum_Stack_Size)
 *fill*         0x200002c8      0x100 

.b1text
 *(.b1text)
 *(.b1rodata)
 *(.b1rodata.*)

.eb0text
 *(.eb0text)
 *(.eb0rodata)
 *(.eb0rodata.*)

.eb1text
 *(.eb1text)
 *(.eb1rodata)
 *(.eb1rodata.*)

.eb2text
 *(.eb2text)
 *(.eb2rodata)
 *(.eb2rodata.*)

.eb3text
 *(.eb3text)
 *(.eb3rodata)
 *(.eb3rodata.*)

.stab
 *(.stab)

.stabstr
 *(.stabstr)

.stab.excl
 *(.stab.excl)

.stab.exclstr
 *(.stab.exclstr)

.stab.index
 *(.stab.index)

.stab.indexstr
 *(.stab.indexstr)

.comment        0x00000000       0x7f
 *(.comment)
 .comment       0x00000000       0x7f ./system/src/stm32f4-hal/stm32f4xx_hal.o
                                 0x80 (size before relaxing)
 .comment       0x0000007f       0x80 ./system/src/stm32f4-hal/stm32f4xx_hal_cortex.o
 .comment       0x0000007f       0x80 ./system/src/stm32f4-hal/stm32f4xx_hal_gpio.o
 .comment       0x0000007f       0x80 ./system/src/stm32f4-hal/stm32f4xx_hal_rcc.o
 .comment       0x0000007f       0x80 ./system/src/stm32f4-hal/stm32f4xx_hal_uart.o
 .comment       0x0000007f       0x80 ./system/src/newlib/_exit.o
 .comment       0x0000007f       0x80 ./system/src/newlib/_sbrk.o
 .comment       0x0000007f       0x80 ./system/src/newlib/_startup.o
 .comment       0x0000007f       0x80 ./system/src/newlib/_syscalls.o
 .comment       0x0000007f       0x80 ./system/src/diag/Trace.o
 .comment       0x0000007f       0x80 ./system/src/diag/trace_impl.o
 .comment       0x0000007f       0x80 ./system/src/cortexm/_initialize_hardware.o
 .comment       0x0000007f       0x80 ./system/src/cortexm/exception_handlers.o
 .comment       0x0000007f       0x80 ./system/src/cmsis/system_stm32f4xx.o
 .comment       0x0000007f       0x80 ./system/src/cmsis/vectors_stm32f407xx.o
 .comment       0x0000007f       0x80 ./src/_initialize_hardware.o
 .comment       0x0000007f       0x80 ./src/main.o
 .comment       0x0000007f       0x80 ./src/retarget.o
 .comment       0x0000007f       0x80 ./src/stm32f4xx_hal_msp.o
 .comment       0x0000007f       0x80 ./src/stm32f4xx_it.o

.ARM.attributes
                0x00000000       0x31
 .ARM.attributes
                0x00000000       0x33 ./system/src/stm32f4-hal/stm32f4xx_hal.o
 .ARM.attributes
                0x00000033       0x33 ./system/src/stm32f4-hal/stm32f4xx_hal_cortex.o
 .ARM.attributes
                0x00000066       0x33 ./system/src/stm32f4-hal/stm32f4xx_hal_gpio.o
 .ARM.attributes
                0x00000099       0x33 ./system/src/stm32f4-hal/stm32f4xx_hal_rcc.o
 .ARM.attributes
                0x000000cc       0x33 ./system/src/stm32f4-hal/stm32f4xx_hal_uart.o
 .ARM.attributes
                0x000000ff       0x33 ./system/src/newlib/_exit.o
 .ARM.attributes
                0x00000132       0x33 ./system/src/newlib/_sbrk.o
 .ARM.attributes
                0x00000165       0x33 ./system/src/newlib/_startup.o
 .ARM.attributes
                0x00000198       0x33 ./system/src/newlib/_syscalls.o
 .ARM.attributes
                0x000001cb       0x33 ./system/src/diag/Trace.o
 .ARM.attributes
                0x000001fe       0x33 ./system/src/diag/trace_impl.o
 .ARM.attributes
                0x00000231       0x33 ./system/src/cortexm/_initialize_hardware.o
 .ARM.attributes
                0x00000264       0x33 ./system/src/cortexm/exception_handlers.o
 .ARM.attributes
                0x00000297       0x21 ./system/src/cmsis/startup_stm32f407xx.o
 .ARM.attributes
                0x000002b8       0x33 ./system/src/cmsis/system_stm32f4xx.o
 .ARM.attributes
                0x000002eb       0x33 ./system/src/cmsis/vectors_stm32f407xx.o
 .ARM.attributes
                0x0000031e       0x33 ./src/_initialize_hardware.o
 .ARM.attributes
                0x00000351       0x33 ./src/main.o
 .ARM.attributes
                0x00000384       0x33 ./src/retarget.o
 .ARM.attributes
                0x000003b7       0x33 ./src/stm32f4xx_hal_msp.o
 .ARM.attributes
                0x000003ea       0x33 ./src/stm32f4xx_it.o
 .ARM.attributes
                0x0000041d       0x2e e:/stm32toolchain/gcc-arm/bin/../lib/gcc/arm-none-eabi/6.3.1/../../../../arm-none-eabi/lib/thumb/v7e-m\libg_nano.a(lib_a-errno.o)
 .ARM.attributes
                0x0000044b       0x2e e:/stm32toolchain/gcc-arm/bin/../lib/gcc/arm-none-eabi/6.3.1/../../../../arm-none-eabi/lib/thumb/v7e-m\libg_nano.a(lib_a-impure.o)
 .ARM.attributes
                0x00000479       0x2e e:/stm32toolchain/gcc-arm/bin/../lib/gcc/arm-none-eabi/6.3.1/../../../../arm-none-eabi/lib/thumb/v7e-m\libg_nano.a(lib_a-nano-vfprintf_float.o)
 .ARM.attributes
                0x000004a7       0x2e e:/stm32toolchain/gcc-arm/bin/../lib/gcc/arm-none-eabi/6.3.1/../../../../arm-none-eabi/lib/thumb/v7e-m\libg_nano.a(lib_a-nano-vfprintf_i.o)
 .ARM.attributes
                0x000004d5       0x2e e:/stm32toolchain/gcc-arm/bin/../lib/gcc/arm-none-eabi/6.3.1/../../../../arm-none-eabi/lib/thumb/v7e-m\libg_nano.a(lib_a-printf.o)
 .ARM.attributes
                0x00000503       0x2e e:/stm32toolchain/gcc-arm/bin/../lib/gcc/arm-none-eabi/6.3.1/../../../../arm-none-eabi/lib/thumb/v7e-m\libg_nano.a(lib_a-setvbuf.o)
 .ARM.attributes
                0x00000531       0x17 e:/stm32toolchain/gcc-arm/bin/../lib/gcc/arm-none-eabi/6.3.1/../../../../arm-none-eabi/lib/thumb/v7e-m\libg_nano.a(lib_a-strlen.o)
 .ARM.attributes
                0x00000548       0x2e e:/stm32toolchain/gcc-arm/bin/../lib/gcc/arm-none-eabi/6.3.1/../../../../arm-none-eabi/lib/thumb/v7e-m\libg_nano.a(lib_a-vsnprintf.o)
 .ARM.attributes
                0x00000576       0x2e e:/stm32toolchain/gcc-arm/bin/../lib/gcc/arm-none-eabi/6.3.1/../../../../arm-none-eabi/lib/thumb/v7e-m\libg_nano.a(lib_a-dtoa.o)
 .ARM.attributes
                0x000005a4       0x2e e:/stm32toolchain/gcc-arm/bin/../lib/gcc/arm-none-eabi/6.3.1/../../../../arm-none-eabi/lib/thumb/v7e-m\libg_nano.a(lib_a-fflush.o)
 .ARM.attributes
                0x000005d2       0x2e e:/stm32toolchain/gcc-arm/bin/../lib/gcc/arm-none-eabi/6.3.1/../../../../arm-none-eabi/lib/thumb/v7e-m\libg_nano.a(lib_a-findfp.o)
 .ARM.attributes
                0x00000600       0x2e e:/stm32toolchain/gcc-arm/bin/../lib/gcc/arm-none-eabi/6.3.1/../../../../arm-none-eabi/lib/thumb/v7e-m\libg_nano.a(lib_a-fwalk.o)
 .ARM.attributes
                0x0000062e       0x2e e:/stm32toolchain/gcc-arm/bin/../lib/gcc/arm-none-eabi/6.3.1/../../../../arm-none-eabi/lib/thumb/v7e-m\libg_nano.a(lib_a-localeconv.o)
 .ARM.attributes
                0x0000065c       0x2e e:/stm32toolchain/gcc-arm/bin/../lib/gcc/arm-none-eabi/6.3.1/../../../../arm-none-eabi/lib/thumb/v7e-m\libg_nano.a(lib_a-makebuf.o)
 .ARM.attributes
                0x0000068a       0x2e e:/stm32toolchain/gcc-arm/bin/../lib/gcc/arm-none-eabi/6.3.1/../../../../arm-none-eabi/lib/thumb/v7e-m\libg_nano.a(lib_a-malloc.o)
 .ARM.attributes
                0x000006b8       0x1c e:/stm32toolchain/gcc-arm/bin/../lib/gcc/arm-none-eabi/6.3.1/../../../../arm-none-eabi/lib/thumb/v7e-m\libg_nano.a(lib_a-memchr.o)
 .ARM.attributes
                0x000006d4       0x2e e:/stm32toolchain/gcc-arm/bin/../lib/gcc/arm-none-eabi/6.3.1/../../../../arm-none-eabi/lib/thumb/v7e-m\libg_nano.a(lib_a-memcpy-stub.o)
 .ARM.attributes
                0x00000702       0x2e e:/stm32toolchain/gcc-arm/bin/../lib/gcc/arm-none-eabi/6.3.1/../../../../arm-none-eabi/lib/thumb/v7e-m\libg_nano.a(lib_a-memset.o)
 .ARM.attributes
                0x00000730       0x2e e:/stm32toolchain/gcc-arm/bin/../lib/gcc/arm-none-eabi/6.3.1/../../../../arm-none-eabi/lib/thumb/v7e-m\libg_nano.a(lib_a-mprec.o)
 .ARM.attributes
                0x0000075e       0x2e e:/stm32toolchain/gcc-arm/bin/../lib/gcc/arm-none-eabi/6.3.1/../../../../arm-none-eabi/lib/thumb/v7e-m\libg_nano.a(lib_a-nano-callocr.o)
 .ARM.attributes
                0x0000078c       0x2e e:/stm32toolchain/gcc-arm/bin/../lib/gcc/arm-none-eabi/6.3.1/../../../../arm-none-eabi/lib/thumb/v7e-m\libg_nano.a(lib_a-nano-freer.o)
 .ARM.attributes
                0x000007ba       0x2e e:/stm32toolchain/gcc-arm/bin/../lib/gcc/arm-none-eabi/6.3.1/../../../../arm-none-eabi/lib/thumb/v7e-m\libg_nano.a(lib_a-nano-mallocr.o)
 .ARM.attributes
                0x000007e8       0x2e e:/stm32toolchain/gcc-arm/bin/../lib/gcc/arm-none-eabi/6.3.1/../../../../arm-none-eabi/lib/thumb/v7e-m\libg_nano.a(lib_a-nano-svfprintf.o)
 .ARM.attributes
                0x00000816       0x2e e:/stm32toolchain/gcc-arm/bin/../lib/gcc/arm-none-eabi/6.3.1/../../../../arm-none-eabi/lib/thumb/v7e-m\libg_nano.a(lib_a-nano-vfprintf.o)
 .ARM.attributes
                0x00000844       0x2e e:/stm32toolchain/gcc-arm/bin/../lib/gcc/arm-none-eabi/6.3.1/../../../../arm-none-eabi/lib/thumb/v7e-m\libg_nano.a(lib_a-sbrkr.o)
 .ARM.attributes
                0x00000872       0x2e e:/stm32toolchain/gcc-arm/bin/../lib/gcc/arm-none-eabi/6.3.1/../../../../arm-none-eabi/lib/thumb/v7e-m\libg_nano.a(lib_a-stdio.o)
 .ARM.attributes
                0x000008a0       0x2e e:/stm32toolchain/gcc-arm/bin/../lib/gcc/arm-none-eabi/6.3.1/../../../../arm-none-eabi/lib/thumb/v7e-m\libg_nano.a(lib_a-wbuf.o)
 .ARM.attributes
                0x000008ce       0x2e e:/stm32toolchain/gcc-arm/bin/../lib/gcc/arm-none-eabi/6.3.1/../../../../arm-none-eabi/lib/thumb/v7e-m\libg_nano.a(lib_a-writer.o)
 .ARM.attributes
                0x000008fc       0x2e e:/stm32toolchain/gcc-arm/bin/../lib/gcc/arm-none-eabi/6.3.1/../../../../arm-none-eabi/lib/thumb/v7e-m\libg_nano.a(lib_a-wsetup.o)
 .ARM.attributes
                0x0000092a       0x2e e:/stm32toolchain/gcc-arm/bin/../lib/gcc/arm-none-eabi/6.3.1/../../../../arm-none-eabi/lib/thumb/v7e-m\libg_nano.a(lib_a-closer.o)
 .ARM.attributes
                0x00000958       0x2e e:/stm32toolchain/gcc-arm/bin/../lib/gcc/arm-none-eabi/6.3.1/../../../../arm-none-eabi/lib/thumb/v7e-m\libg_nano.a(lib_a-fstatr.o)
 .ARM.attributes
                0x00000986       0x2e e:/stm32toolchain/gcc-arm/bin/../lib/gcc/arm-none-eabi/6.3.1/../../../../arm-none-eabi/lib/thumb/v7e-m\libg_nano.a(lib_a-isattyr.o)
 .ARM.attributes
                0x000009b4       0x2e e:/stm32toolchain/gcc-arm/bin/../lib/gcc/arm-none-eabi/6.3.1/../../../../arm-none-eabi/lib/thumb/v7e-m\libg_nano.a(lib_a-locale.o)
 .ARM.attributes
                0x000009e2       0x2e e:/stm32toolchain/gcc-arm/bin/../lib/gcc/arm-none-eabi/6.3.1/../../../../arm-none-eabi/lib/thumb/v7e-m\libg_nano.a(lib_a-lseekr.o)
 .ARM.attributes
                0x00000a10       0x2e e:/stm32toolchain/gcc-arm/bin/../lib/gcc/arm-none-eabi/6.3.1/../../../../arm-none-eabi/lib/thumb/v7e-m\libg_nano.a(lib_a-mbtowc_r.o)
 .ARM.attributes
                0x00000a3e       0x2e e:/stm32toolchain/gcc-arm/bin/../lib/gcc/arm-none-eabi/6.3.1/../../../../arm-none-eabi/lib/thumb/v7e-m\libg_nano.a(lib_a-memmove.o)
 .ARM.attributes
                0x00000a6c       0x2e e:/stm32toolchain/gcc-arm/bin/../lib/gcc/arm-none-eabi/6.3.1/../../../../arm-none-eabi/lib/thumb/v7e-m\libg_nano.a(lib_a-mlock.o)
 .ARM.attributes
                0x00000a9a       0x2e e:/stm32toolchain/gcc-arm/bin/../lib/gcc/arm-none-eabi/6.3.1/../../../../arm-none-eabi/lib/thumb/v7e-m\libg_nano.a(lib_a-nano-reallocr.o)
 .ARM.attributes
                0x00000ac8       0x2e e:/stm32toolchain/gcc-arm/bin/../lib/gcc/arm-none-eabi/6.3.1/../../../../arm-none-eabi/lib/thumb/v7e-m\libg_nano.a(lib_a-readr.o)
 .ARM.attributes
                0x00000af6       0x2e e:/stm32toolchain/gcc-arm/bin/../lib/gcc/arm-none-eabi/6.3.1/../../../../arm-none-eabi/lib/thumb/v7e-m\libg_nano.a(lib_a-wctomb_r.o)
 .ARM.attributes
                0x00000b24       0x2e e:/stm32toolchain/gcc-arm/bin/../lib/gcc/arm-none-eabi/6.3.1/../../../../arm-none-eabi/lib/thumb/v7e-m\libg_nano.a(lib_a-ctype_.o)
 .ARM.attributes
                0x00000b52       0x2e e:/stm32toolchain/gcc-arm/bin/../lib/gcc/arm-none-eabi/6.3.1/../../../../arm-none-eabi/lib/thumb/v7e-m\libg_nano.a(lib_a-nano-msizer.o)
 .ARM.attributes
                0x00000b80       0x1e e:/stm32toolchain/gcc-arm/bin/../lib/gcc/arm-none-eabi/6.3.1/thumb/v7e-m\libgcc.a(_arm_addsubdf3.o)
 .ARM.attributes
                0x00000b9e       0x1e e:/stm32toolchain/gcc-arm/bin/../lib/gcc/arm-none-eabi/6.3.1/thumb/v7e-m\libgcc.a(_arm_muldivdf3.o)
 .ARM.attributes
                0x00000bbc       0x1e e:/stm32toolchain/gcc-arm/bin/../lib/gcc/arm-none-eabi/6.3.1/thumb/v7e-m\libgcc.a(_arm_cmpdf2.o)
 .ARM.attributes
                0x00000bda       0x1e e:/stm32toolchain/gcc-arm/bin/../lib/gcc/arm-none-eabi/6.3.1/thumb/v7e-m\libgcc.a(_arm_unorddf2.o)
 .ARM.attributes
                0x00000bf8       0x1e e:/stm32toolchain/gcc-arm/bin/../lib/gcc/arm-none-eabi/6.3.1/thumb/v7e-m\libgcc.a(_arm_fixdfsi.o)

.debug
 *(.debug)

.line
 *(.line)

.debug_srcinfo
 *(.debug_srcinfo)

.debug_sfnames
 *(.debug_sfnames)

.debug_aranges  0x00000000      0x7a8
 *(.debug_aranges)
 .debug_aranges
                0x00000000       0xc8 ./system/src/stm32f4-hal/stm32f4xx_hal.o
 .debug_aranges
                0x000000c8       0xa8 ./system/src/stm32f4-hal/stm32f4xx_hal_cortex.o
 .debug_aranges
                0x00000170       0x58 ./system/src/stm32f4-hal/stm32f4xx_hal_gpio.o
 .debug_aranges
                0x000001c8       0x88 ./system/src/stm32f4-hal/stm32f4xx_hal_rcc.o
 .debug_aranges
                0x00000250      0x1d0 ./system/src/stm32f4-hal/stm32f4xx_hal_uart.o
 .debug_aranges
                0x00000420       0x28 ./system/src/newlib/_exit.o
 .debug_aranges
                0x00000448       0x20 ./system/src/newlib/_sbrk.o
 .debug_aranges
                0x00000468       0x40 ./system/src/newlib/_startup.o
 .debug_aranges
                0x000004a8       0x30 ./system/src/newlib/_syscalls.o
 .debug_aranges
                0x000004d8       0x38 ./system/src/diag/Trace.o
 .debug_aranges
                0x00000510       0x28 ./system/src/diag/trace_impl.o
 .debug_aranges
                0x00000538       0x28 ./system/src/cortexm/_initialize_hardware.o
 .debug_aranges
                0x00000560       0x88 ./system/src/cortexm/exception_handlers.o
 .debug_aranges
                0x000005e8       0x28 ./system/src/cmsis/startup_stm32f407xx.o
 .debug_aranges
                0x00000610       0x28 ./system/src/cmsis/system_stm32f4xx.o
 .debug_aranges
                0x00000638       0x20 ./system/src/cmsis/vectors_stm32f407xx.o
 .debug_aranges
                0x00000658       0x28 ./src/_initialize_hardware.o
 .debug_aranges
                0x00000680       0x48 ./src/main.o
 .debug_aranges
                0x000006c8       0x50 ./src/retarget.o
 .debug_aranges
                0x00000718       0x30 ./src/stm32f4xx_hal_msp.o
 .debug_aranges
                0x00000748       0x60 ./src/stm32f4xx_it.o

.debug_pubnames
 *(.debug_pubnames)

.debug_info     0x00000000    0x12eab
 *(.debug_info .gnu.linkonce.wi.*)
 .debug_info    0x00000000     0x119e ./system/src/stm32f4-hal/stm32f4xx_hal.o
 .debug_info    0x0000119e     0x19ef ./system/src/stm32f4-hal/stm32f4xx_hal_cortex.o
 .debug_info    0x00002b8d     0x1103 ./system/src/stm32f4-hal/stm32f4xx_hal_gpio.o
 .debug_info    0x00003c90     0x17af ./system/src/stm32f4-hal/stm32f4xx_hal_rcc.o
 .debug_info    0x0000543f     0x220b ./system/src/stm32f4-hal/stm32f4xx_hal_uart.o
 .debug_info    0x0000764a      0x95d ./system/src/newlib/_exit.o
 .debug_info    0x00007fa7      0x949 ./system/src/newlib/_sbrk.o
 .debug_info    0x000088f0      0x4d5 ./system/src/newlib/_startup.o
 .debug_info    0x00008dc5      0xa20 ./system/src/newlib/_syscalls.o
 .debug_info    0x000097e5      0xb31 ./system/src/diag/Trace.o
 .debug_info    0x0000a316      0x9f3 ./system/src/diag/trace_impl.o
 .debug_info    0x0000ad09      0xb4b ./system/src/cortexm/_initialize_hardware.o
 .debug_info    0x0000b854     0x108b ./system/src/cortexm/exception_handlers.o
 .debug_info    0x0000c8df       0x74 ./system/src/cmsis/startup_stm32f407xx.o
 .debug_info    0x0000c953      0xd23 ./system/src/cmsis/system_stm32f4xx.o
 .debug_info    0x0000d676       0xd1 ./system/src/cmsis/vectors_stm32f407xx.o
 .debug_info    0x0000d747      0xd75 ./src/_initialize_hardware.o
 .debug_info    0x0000e4bc     0x196a ./src/main.o
 .debug_info    0x0000fe26     0x124e ./src/retarget.o
 .debug_info    0x00011074     0x142d ./src/stm32f4xx_hal_msp.o
 .debug_info    0x000124a1      0xa0a ./src/stm32f4xx_it.o

.debug_abbrev   0x00000000     0x305c
 *(.debug_abbrev)
 .debug_abbrev  0x00000000      0x347 ./system/src/stm32f4-hal/stm32f4xx_hal.o
 .debug_abbrev  0x00000347      0x3ef ./system/src/stm32f4-hal/stm32f4xx_hal_cortex.o
 .debug_abbrev  0x00000736      0x2dc ./system/src/stm32f4-hal/stm32f4xx_hal_gpio.o
 .debug_abbrev  0x00000a12      0x392 ./system/src/stm32f4-hal/stm32f4xx_hal_rcc.o
 .debug_abbrev  0x00000da4      0x342 ./system/src/stm32f4-hal/stm32f4xx_hal_uart.o
 .debug_abbrev  0x000010e6      0x1f3 ./system/src/newlib/_exit.o
 .debug_abbrev  0x000012d9      0x1fc ./system/src/newlib/_sbrk.o
 .debug_abbrev  0x000014d5      0x1c4 ./system/src/newlib/_startup.o
 .debug_abbrev  0x00001699      0x234 ./system/src/newlib/_syscalls.o
 .debug_abbrev  0x000018cd      0x276 ./system/src/diag/Trace.o
 .debug_abbrev  0x00001b43      0x1eb ./system/src/diag/trace_impl.o
 .debug_abbrev  0x00001d2e      0x1de ./system/src/cortexm/_initialize_hardware.o
 .debug_abbrev  0x00001f0c      0x2b4 ./system/src/cortexm/exception_handlers.o
 .debug_abbrev  0x000021c0       0x12 ./system/src/cmsis/startup_stm32f407xx.o
 .debug_abbrev  0x000021d2      0x205 ./system/src/cmsis/system_stm32f4xx.o
 .debug_abbrev  0x000023d7       0x9d ./system/src/cmsis/vectors_stm32f407xx.o
 .debug_abbrev  0x00002474      0x22d ./src/_initialize_hardware.o
 .debug_abbrev  0x000026a1      0x2d8 ./src/main.o
 .debug_abbrev  0x00002979      0x299 ./src/retarget.o
 .debug_abbrev  0x00002c12      0x252 ./src/stm32f4xx_hal_msp.o
 .debug_abbrev  0x00002e64      0x1f8 ./src/stm32f4xx_it.o

.debug_line     0x00000000     0x7eb2
 *(.debug_line)
 .debug_line    0x00000000      0x750 ./system/src/stm32f4-hal/stm32f4xx_hal.o
 .debug_line    0x00000750      0x873 ./system/src/stm32f4-hal/stm32f4xx_hal_cortex.o
 .debug_line    0x00000fc3      0x868 ./system/src/stm32f4-hal/stm32f4xx_hal_gpio.o
 .debug_line    0x0000182b      0xa08 ./system/src/stm32f4-hal/stm32f4xx_hal_rcc.o
 .debug_line    0x00002233     0x1085 ./system/src/stm32f4-hal/stm32f4xx_hal_uart.o
 .debug_line    0x000032b8      0x343 ./system/src/newlib/_exit.o
 .debug_line    0x000035fb      0x2f7 ./system/src/newlib/_sbrk.o
 .debug_line    0x000038f2      0x3bc ./system/src/newlib/_startup.o
 .debug_line    0x00003cae      0x3e1 ./system/src/newlib/_syscalls.o
 .debug_line    0x0000408f      0x3b1 ./system/src/diag/Trace.o
 .debug_line    0x00004440      0x60d ./system/src/diag/trace_impl.o
 .debug_line    0x00004a4d      0x5df ./system/src/cortexm/_initialize_hardware.o
 .debug_line    0x0000502c      0x6ef ./system/src/cortexm/exception_handlers.o
 .debug_line    0x0000571b       0x88 ./system/src/cmsis/startup_stm32f407xx.o
 .debug_line    0x000057a3      0x5e7 ./system/src/cmsis/system_stm32f4xx.o
 .debug_line    0x00005d8a      0x1f4 ./system/src/cmsis/vectors_stm32f407xx.o
 .debug_line    0x00005f7e      0x5d9 ./src/_initialize_hardware.o
 .debug_line    0x00006557      0x6d9 ./src/main.o
 .debug_line    0x00006c30      0x66a ./src/retarget.o
 .debug_line    0x0000729a      0x5e0 ./src/stm32f4xx_hal_msp.o
 .debug_line    0x0000787a      0x638 ./src/stm32f4xx_it.o

.debug_frame    0x00000000     0x2010
 *(.debug_frame)
 .debug_frame   0x00000000      0x198 ./system/src/stm32f4-hal/stm32f4xx_hal.o
 .debug_frame   0x00000198      0x19c ./system/src/stm32f4-hal/stm32f4xx_hal_cortex.o
 .debug_frame   0x00000334       0xfc ./system/src/stm32f4-hal/stm32f4xx_hal_gpio.o
 .debug_frame   0x00000430      0x140 ./system/src/stm32f4-hal/stm32f4xx_hal_rcc.o
 .debug_frame   0x00000570      0x508 ./system/src/stm32f4-hal/stm32f4xx_hal_uart.o
 .debug_frame   0x00000a78       0x38 ./system/src/newlib/_exit.o
 .debug_frame   0x00000ab0       0x28 ./system/src/newlib/_sbrk.o
 .debug_frame   0x00000ad8       0x7c ./system/src/newlib/_startup.o
 .debug_frame   0x00000b54       0x50 ./system/src/newlib/_syscalls.o
 .debug_frame   0x00000ba4       0x94 ./system/src/diag/Trace.o
 .debug_frame   0x00000c38       0x30 ./system/src/diag/trace_impl.o
 .debug_frame   0x00000c68       0x40 ./system/src/cortexm/_initialize_hardware.o
 .debug_frame   0x00000ca8      0x144 ./system/src/cortexm/exception_handlers.o
 .debug_frame   0x00000dec       0x30 ./system/src/cmsis/system_stm32f4xx.o
 .debug_frame   0x00000e1c       0x20 ./system/src/cmsis/vectors_stm32f407xx.o
 .debug_frame   0x00000e3c       0x48 ./src/_initialize_hardware.o
 .debug_frame   0x00000e84       0xa0 ./src/main.o
 .debug_frame   0x00000f24       0xb0 ./src/retarget.o
 .debug_frame   0x00000fd4       0x5c ./src/stm32f4xx_hal_msp.o
 .debug_frame   0x00001030       0xa8 ./src/stm32f4xx_it.o
 .debug_frame   0x000010d8       0x20 e:/stm32toolchain/gcc-arm/bin/../lib/gcc/arm-none-eabi/6.3.1/../../../../arm-none-eabi/lib/thumb/v7e-m\libg_nano.a(lib_a-errno.o)
 .debug_frame   0x000010f8       0x90 e:/stm32toolchain/gcc-arm/bin/../lib/gcc/arm-none-eabi/6.3.1/../../../../arm-none-eabi/lib/thumb/v7e-m\libg_nano.a(lib_a-nano-vfprintf_float.o)
 .debug_frame   0x00001188       0x60 e:/stm32toolchain/gcc-arm/bin/../lib/gcc/arm-none-eabi/6.3.1/../../../../arm-none-eabi/lib/thumb/v7e-m\libg_nano.a(lib_a-nano-vfprintf_i.o)
 .debug_frame   0x000011e8       0x74 e:/stm32toolchain/gcc-arm/bin/../lib/gcc/arm-none-eabi/6.3.1/../../../../arm-none-eabi/lib/thumb/v7e-m\libg_nano.a(lib_a-printf.o)
 .debug_frame   0x0000125c       0x38 e:/stm32toolchain/gcc-arm/bin/../lib/gcc/arm-none-eabi/6.3.1/../../../../arm-none-eabi/lib/thumb/v7e-m\libg_nano.a(lib_a-setvbuf.o)
 .debug_frame   0x00001294       0x4c e:/stm32toolchain/gcc-arm/bin/../lib/gcc/arm-none-eabi/6.3.1/../../../../arm-none-eabi/lib/thumb/v7e-m\libg_nano.a(lib_a-vsnprintf.o)
 .debug_frame   0x000012e0       0x6c e:/stm32toolchain/gcc-arm/bin/../lib/gcc/arm-none-eabi/6.3.1/../../../../arm-none-eabi/lib/thumb/v7e-m\libg_nano.a(lib_a-dtoa.o)
 .debug_frame   0x0000134c       0x68 e:/stm32toolchain/gcc-arm/bin/../lib/gcc/arm-none-eabi/6.3.1/../../../../arm-none-eabi/lib/thumb/v7e-m\libg_nano.a(lib_a-fflush.o)
 .debug_frame   0x000013b4      0x11c e:/stm32toolchain/gcc-arm/bin/../lib/gcc/arm-none-eabi/6.3.1/../../../../arm-none-eabi/lib/thumb/v7e-m\libg_nano.a(lib_a-findfp.o)
 .debug_frame   0x000014d0       0x54 e:/stm32toolchain/gcc-arm/bin/../lib/gcc/arm-none-eabi/6.3.1/../../../../arm-none-eabi/lib/thumb/v7e-m\libg_nano.a(lib_a-fwalk.o)
 .debug_frame   0x00001524       0x40 e:/stm32toolchain/gcc-arm/bin/../lib/gcc/arm-none-eabi/6.3.1/../../../../arm-none-eabi/lib/thumb/v7e-m\libg_nano.a(lib_a-localeconv.o)
 .debug_frame   0x00001564       0x58 e:/stm32toolchain/gcc-arm/bin/../lib/gcc/arm-none-eabi/6.3.1/../../../../arm-none-eabi/lib/thumb/v7e-m\libg_nano.a(lib_a-makebuf.o)
 .debug_frame   0x000015bc       0x30 e:/stm32toolchain/gcc-arm/bin/../lib/gcc/arm-none-eabi/6.3.1/../../../../arm-none-eabi/lib/thumb/v7e-m\libg_nano.a(lib_a-malloc.o)
 .debug_frame   0x000015ec       0x28 e:/stm32toolchain/gcc-arm/bin/../lib/gcc/arm-none-eabi/6.3.1/../../../../arm-none-eabi/lib/thumb/v7e-m\libg_nano.a(lib_a-memcpy-stub.o)
 .debug_frame   0x00001614       0x20 e:/stm32toolchain/gcc-arm/bin/../lib/gcc/arm-none-eabi/6.3.1/../../../../arm-none-eabi/lib/thumb/v7e-m\libg_nano.a(lib_a-memset.o)
 .debug_frame   0x00001634      0x244 e:/stm32toolchain/gcc-arm/bin/../lib/gcc/arm-none-eabi/6.3.1/../../../../arm-none-eabi/lib/thumb/v7e-m\libg_nano.a(lib_a-mprec.o)
 .debug_frame   0x00001878       0x2c e:/stm32toolchain/gcc-arm/bin/../lib/gcc/arm-none-eabi/6.3.1/../../../../arm-none-eabi/lib/thumb/v7e-m\libg_nano.a(lib_a-nano-callocr.o)
 .debug_frame   0x000018a4       0x38 e:/stm32toolchain/gcc-arm/bin/../lib/gcc/arm-none-eabi/6.3.1/../../../../arm-none-eabi/lib/thumb/v7e-m\libg_nano.a(lib_a-nano-freer.o)
 .debug_frame   0x000018dc       0x2c e:/stm32toolchain/gcc-arm/bin/../lib/gcc/arm-none-eabi/6.3.1/../../../../arm-none-eabi/lib/thumb/v7e-m\libg_nano.a(lib_a-nano-mallocr.o)
 .debug_frame   0x00001908       0x90 e:/stm32toolchain/gcc-arm/bin/../lib/gcc/arm-none-eabi/6.3.1/../../../../arm-none-eabi/lib/thumb/v7e-m\libg_nano.a(lib_a-nano-svfprintf.o)
 .debug_frame   0x00001998       0xac e:/stm32toolchain/gcc-arm/bin/../lib/gcc/arm-none-eabi/6.3.1/../../../../arm-none-eabi/lib/thumb/v7e-m\libg_nano.a(lib_a-nano-vfprintf.o)
 .debug_frame   0x00001a44       0x2c e:/stm32toolchain/gcc-arm/bin/../lib/gcc/arm-none-eabi/6.3.1/../../../../arm-none-eabi/lib/thumb/v7e-m\libg_nano.a(lib_a-sbrkr.o)
 .debug_frame   0x00001a70       0x88 e:/stm32toolchain/gcc-arm/bin/../lib/gcc/arm-none-eabi/6.3.1/../../../../arm-none-eabi/lib/thumb/v7e-m\libg_nano.a(lib_a-stdio.o)
 .debug_frame   0x00001af8       0x40 e:/stm32toolchain/gcc-arm/bin/../lib/gcc/arm-none-eabi/6.3.1/../../../../arm-none-eabi/lib/thumb/v7e-m\libg_nano.a(lib_a-wbuf.o)
 .debug_frame   0x00001b38       0x2c e:/stm32toolchain/gcc-arm/bin/../lib/gcc/arm-none-eabi/6.3.1/../../../../arm-none-eabi/lib/thumb/v7e-m\libg_nano.a(lib_a-writer.o)
 .debug_frame   0x00001b64       0x2c e:/stm32toolchain/gcc-arm/bin/../lib/gcc/arm-none-eabi/6.3.1/../../../../arm-none-eabi/lib/thumb/v7e-m\libg_nano.a(lib_a-wsetup.o)
 .debug_frame   0x00001b90       0x2c e:/stm32toolchain/gcc-arm/bin/../lib/gcc/arm-none-eabi/6.3.1/../../../../arm-none-eabi/lib/thumb/v7e-m\libg_nano.a(lib_a-closer.o)
 .debug_frame   0x00001bbc       0x2c e:/stm32toolchain/gcc-arm/bin/../lib/gcc/arm-none-eabi/6.3.1/../../../../arm-none-eabi/lib/thumb/v7e-m\libg_nano.a(lib_a-fstatr.o)
 .debug_frame   0x00001be8       0x2c e:/stm32toolchain/gcc-arm/bin/../lib/gcc/arm-none-eabi/6.3.1/../../../../arm-none-eabi/lib/thumb/v7e-m\libg_nano.a(lib_a-isattyr.o)
 .debug_frame   0x00001c14       0x68 e:/stm32toolchain/gcc-arm/bin/../lib/gcc/arm-none-eabi/6.3.1/../../../../arm-none-eabi/lib/thumb/v7e-m\libg_nano.a(lib_a-locale.o)
 .debug_frame   0x00001c7c       0x2c e:/stm32toolchain/gcc-arm/bin/../lib/gcc/arm-none-eabi/6.3.1/../../../../arm-none-eabi/lib/thumb/v7e-m\libg_nano.a(lib_a-lseekr.o)
 .debug_frame   0x00001ca8       0x48 e:/stm32toolchain/gcc-arm/bin/../lib/gcc/arm-none-eabi/6.3.1/../../../../arm-none-eabi/lib/thumb/v7e-m\libg_nano.a(lib_a-mbtowc_r.o)
 .debug_frame   0x00001cf0       0x28 e:/stm32toolchain/gcc-arm/bin/../lib/gcc/arm-none-eabi/6.3.1/../../../../arm-none-eabi/lib/thumb/v7e-m\libg_nano.a(lib_a-memmove.o)
 .debug_frame   0x00001d18       0x30 e:/stm32toolchain/gcc-arm/bin/../lib/gcc/arm-none-eabi/6.3.1/../../../../arm-none-eabi/lib/thumb/v7e-m\libg_nano.a(lib_a-mlock.o)
 .debug_frame   0x00001d48       0x3c e:/stm32toolchain/gcc-arm/bin/../lib/gcc/arm-none-eabi/6.3.1/../../../../arm-none-eabi/lib/thumb/v7e-m\libg_nano.a(lib_a-nano-reallocr.o)
 .debug_frame   0x00001d84       0x2c e:/stm32toolchain/gcc-arm/bin/../lib/gcc/arm-none-eabi/6.3.1/../../../../arm-none-eabi/lib/thumb/v7e-m\libg_nano.a(lib_a-readr.o)
 .debug_frame   0x00001db0       0x3c e:/stm32toolchain/gcc-arm/bin/../lib/gcc/arm-none-eabi/6.3.1/../../../../arm-none-eabi/lib/thumb/v7e-m\libg_nano.a(lib_a-wctomb_r.o)
 .debug_frame   0x00001dec       0x20 e:/stm32toolchain/gcc-arm/bin/../lib/gcc/arm-none-eabi/6.3.1/../../../../arm-none-eabi/lib/thumb/v7e-m\libg_nano.a(lib_a-nano-msizer.o)
 .debug_frame   0x00001e0c       0xac e:/stm32toolchain/gcc-arm/bin/../lib/gcc/arm-none-eabi/6.3.1/thumb/v7e-m\libgcc.a(_arm_addsubdf3.o)
 .debug_frame   0x00001eb8       0x50 e:/stm32toolchain/gcc-arm/bin/../lib/gcc/arm-none-eabi/6.3.1/thumb/v7e-m\libgcc.a(_arm_muldivdf3.o)
 .debug_frame   0x00001f08       0xc4 e:/stm32toolchain/gcc-arm/bin/../lib/gcc/arm-none-eabi/6.3.1/thumb/v7e-m\libgcc.a(_arm_cmpdf2.o)
 .debug_frame   0x00001fcc       0x20 e:/stm32toolchain/gcc-arm/bin/../lib/gcc/arm-none-eabi/6.3.1/thumb/v7e-m\libgcc.a(_arm_unorddf2.o)
 .debug_frame   0x00001fec       0x24 e:/stm32toolchain/gcc-arm/bin/../lib/gcc/arm-none-eabi/6.3.1/thumb/v7e-m\libgcc.a(_arm_fixdfsi.o)

.debug_str      0x00000000    0xbf120
 *(.debug_str)
 .debug_str     0x00000000    0xba99d ./system/src/stm32f4-hal/stm32f4xx_hal.o
                              0xbade2 (size before relaxing)
 .debug_str     0x000ba99d      0x3b3 ./system/src/stm32f4-hal/stm32f4xx_hal_cortex.o
                              0xbabca (size before relaxing)
 .debug_str     0x000bad50      0x251 ./system/src/stm32f4-hal/stm32f4xx_hal_gpio.o
                              0xba544 (size before relaxing)
 .debug_str     0x000bafa1      0x34e ./system/src/stm32f4-hal/stm32f4xx_hal_rcc.o
                              0xba732 (size before relaxing)
 .debug_str     0x000bb2ef      0x899 ./system/src/stm32f4-hal/stm32f4xx_hal_uart.o
                              0xbab89 (size before relaxing)
 .debug_str     0x000bbb88     0x10ff ./system/src/newlib/_exit.o
                               0x752f (size before relaxing)
 .debug_str     0x000bcc87      0x4f5 ./system/src/newlib/_sbrk.o
                               0x68e1 (size before relaxing)
 .debug_str     0x000bd17c      0x2e7 ./system/src/newlib/_startup.o
                               0x60bd (size before relaxing)
 .debug_str     0x000bd463      0xe09 ./system/src/newlib/_syscalls.o
                               0x7732 (size before relaxing)
 .debug_str     0x000be26c      0x176 ./system/src/diag/Trace.o
                               0x7d11 (size before relaxing)
 .debug_str     0x000be3e2       0x59 ./system/src/diag/trace_impl.o
                              0xbb196 (size before relaxing)
 .debug_str     0x000be43b       0x5e ./system/src/cortexm/_initialize_hardware.o
                              0xba248 (size before relaxing)
 .debug_str     0x000be499      0x1e5 ./system/src/cortexm/exception_handlers.o
                              0xbb3aa (size before relaxing)
 .debug_str     0x000be67e       0x46 ./system/src/cmsis/system_stm32f4xx.o
                              0xba309 (size before relaxing)
 .debug_str     0x000be6c4       0x59 ./system/src/cmsis/vectors_stm32f407xx.o
                               0x350a (size before relaxing)
 .debug_str     0x000be71d       0x31 ./src/_initialize_hardware.o
                              0xba42d (size before relaxing)
 .debug_str     0x000be74e      0x862 ./src/main.o
                              0xbcec0 (size before relaxing)
 .debug_str     0x000befb0      0x12d ./src/retarget.o
                              0xbb11d (size before relaxing)
 .debug_str     0x000bf0dd       0x1b ./src/stm32f4xx_hal_msp.o
                              0xbac3b (size before relaxing)
 .debug_str     0x000bf0f8       0x28 ./src/stm32f4xx_it.o
                              0xba21c (size before relaxing)

.debug_loc      0x00000000     0x3193
 *(.debug_loc)
 .debug_loc     0x00000000       0x91 ./system/src/stm32f4-hal/stm32f4xx_hal.o
 .debug_loc     0x00000091      0x75c ./system/src/stm32f4-hal/stm32f4xx_hal_cortex.o
 .debug_loc     0x000007ed      0x572 ./system/src/stm32f4-hal/stm32f4xx_hal_gpio.o
 .debug_loc     0x00000d5f      0x4cd ./system/src/stm32f4-hal/stm32f4xx_hal_rcc.o
 .debug_loc     0x0000122c     0x14e0 ./system/src/stm32f4-hal/stm32f4xx_hal_uart.o
 .debug_loc     0x0000270c       0x85 ./system/src/newlib/_sbrk.o
 .debug_loc     0x00002791      0x2d3 ./system/src/newlib/_startup.o
 .debug_loc     0x00002a64       0x63 ./system/src/newlib/_syscalls.o
 .debug_loc     0x00002ac7       0xf6 ./system/src/diag/Trace.o
 .debug_loc     0x00002bbd       0x21 ./system/src/diag/trace_impl.o
 .debug_loc     0x00002bde      0x15a ./system/src/cortexm/exception_handlers.o
 .debug_loc     0x00002d38      0x13e ./system/src/cmsis/system_stm32f4xx.o
 .debug_loc     0x00002e76      0x2c2 ./src/retarget.o
 .debug_loc     0x00003138       0x5b ./src/stm32f4xx_hal_msp.o

.debug_macinfo
 *(.debug_macinfo)

.debug_weaknames
 *(.debug_weaknames)

.debug_funcnames
 *(.debug_funcnames)

.debug_typenames
 *(.debug_typenames)

.debug_varnames
 *(.debug_varnames)
OUTPUT(OliUart.elf elf32-littlearm)

.debug_ranges   0x00000000      0x720
 .debug_ranges  0x00000000       0xb8 ./system/src/stm32f4-hal/stm32f4xx_hal.o
 .debug_ranges  0x000000b8       0xf8 ./system/src/stm32f4-hal/stm32f4xx_hal_cortex.o
 .debug_ranges  0x000001b0       0x48 ./system/src/stm32f4-hal/stm32f4xx_hal_gpio.o
 .debug_ranges  0x000001f8       0x78 ./system/src/stm32f4-hal/stm32f4xx_hal_rcc.o
 .debug_ranges  0x00000270      0x1c0 ./system/src/stm32f4-hal/stm32f4xx_hal_uart.o
 .debug_ranges  0x00000430       0x18 ./system/src/newlib/_exit.o
 .debug_ranges  0x00000448       0x10 ./system/src/newlib/_sbrk.o
 .debug_ranges  0x00000458       0x90 ./system/src/newlib/_startup.o
 .debug_ranges  0x000004e8       0x20 ./system/src/newlib/_syscalls.o
 .debug_ranges  0x00000508       0x28 ./system/src/diag/Trace.o
 .debug_ranges  0x00000530       0x18 ./system/src/diag/trace_impl.o
 .debug_ranges  0x00000548       0x18 ./system/src/cortexm/_initialize_hardware.o
 .debug_ranges  0x00000560       0x78 ./system/src/cortexm/exception_handlers.o
 .debug_ranges  0x000005d8       0x20 ./system/src/cmsis/startup_stm32f407xx.o
 .debug_ranges  0x000005f8       0x18 ./system/src/cmsis/system_stm32f4xx.o
 .debug_ranges  0x00000610       0x10 ./system/src/cmsis/vectors_stm32f407xx.o
 .debug_ranges  0x00000620       0x18 ./src/_initialize_hardware.o
 .debug_ranges  0x00000638       0x38 ./src/main.o
 .debug_ranges  0x00000670       0x40 ./src/retarget.o
 .debug_ranges  0x000006b0       0x20 ./src/stm32f4xx_hal_msp.o
 .debug_ranges  0x000006d0       0x50 ./src/stm32f4xx_it.o

.debug_macro    0x00000000    0x23d69
 .debug_macro   0x00000000      0x356 ./system/src/stm32f4-hal/stm32f4xx_hal.o
 .debug_macro   0x00000356      0x8c2 ./system/src/stm32f4-hal/stm32f4xx_hal.o
 .debug_macro   0x00000c18       0x34 ./system/src/stm32f4-hal/stm32f4xx_hal.o
 .debug_macro   0x00000c4c      0x174 ./system/src/stm32f4-hal/stm32f4xx_hal.o
 .debug_macro   0x00000dc0       0x33 ./system/src/stm32f4-hal/stm32f4xx_hal.o
 .debug_macro   0x00000df3       0x28 ./system/src/stm32f4-hal/stm32f4xx_hal.o
 .debug_macro   0x00000e1b       0x22 ./system/src/stm32f4-hal/stm32f4xx_hal.o
 .debug_macro   0x00000e3d       0x87 ./system/src/stm32f4-hal/stm32f4xx_hal.o
 .debug_macro   0x00000ec4       0x51 ./system/src/stm32f4-hal/stm32f4xx_hal.o
 .debug_macro   0x00000f15       0xef ./system/src/stm32f4-hal/stm32f4xx_hal.o
 .debug_macro   0x00001004       0x6a ./system/src/stm32f4-hal/stm32f4xx_hal.o
 .debug_macro   0x0000106e      0x1df ./system/src/stm32f4-hal/stm32f4xx_hal.o
 .debug_macro   0x0000124d       0x35 ./system/src/stm32f4-hal/stm32f4xx_hal.o
 .debug_macro   0x00001282       0x50 ./system/src/stm32f4-hal/stm32f4xx_hal.o
 .debug_macro   0x000012d2      0xe66 ./system/src/stm32f4-hal/stm32f4xx_hal.o
 .debug_macro   0x00002138    0x15e04 ./system/src/stm32f4-hal/stm32f4xx_hal.o
 .debug_macro   0x00017f3c       0x43 ./system/src/stm32f4-hal/stm32f4xx_hal.o
 .debug_macro   0x00017f7f     0x3574 ./system/src/stm32f4-hal/stm32f4xx_hal.o
 .debug_macro   0x0001b4f3       0x58 ./system/src/stm32f4-hal/stm32f4xx_hal.o
 .debug_macro   0x0001b54b       0x35 ./system/src/stm32f4-hal/stm32f4xx_hal.o
 .debug_macro   0x0001b580       0x9c ./system/src/stm32f4-hal/stm32f4xx_hal.o
 .debug_macro   0x0001b61c       0x16 ./system/src/stm32f4-hal/stm32f4xx_hal.o
 .debug_macro   0x0001b632       0x97 ./system/src/stm32f4-hal/stm32f4xx_hal.o
 .debug_macro   0x0001b6c9      0x330 ./system/src/stm32f4-hal/stm32f4xx_hal.o
 .debug_macro   0x0001b9f9       0xfd ./system/src/stm32f4-hal/stm32f4xx_hal.o
 .debug_macro   0x0001baf6       0x10 ./system/src/stm32f4-hal/stm32f4xx_hal.o
 .debug_macro   0x0001bb06       0x58 ./system/src/stm32f4-hal/stm32f4xx_hal.o
 .debug_macro   0x0001bb5e       0x1f ./system/src/stm32f4-hal/stm32f4xx_hal.o
 .debug_macro   0x0001bb7d       0x43 ./system/src/stm32f4-hal/stm32f4xx_hal.o
 .debug_macro   0x0001bbc0       0x20 ./system/src/stm32f4-hal/stm32f4xx_hal.o
 .debug_macro   0x0001bbe0      0x187 ./system/src/stm32f4-hal/stm32f4xx_hal.o
 .debug_macro   0x0001bd67       0x10 ./system/src/stm32f4-hal/stm32f4xx_hal.o
 .debug_macro   0x0001bd77       0x1c ./system/src/stm32f4-hal/stm32f4xx_hal.o
 .debug_macro   0x0001bd93       0x52 ./system/src/stm32f4-hal/stm32f4xx_hal.o
 .debug_macro   0x0001bde5       0x40 ./system/src/stm32f4-hal/stm32f4xx_hal.o
 .debug_macro   0x0001be25       0x10 ./system/src/stm32f4-hal/stm32f4xx_hal.o
 .debug_macro   0x0001be35       0x40 ./system/src/stm32f4-hal/stm32f4xx_hal.o
 .debug_macro   0x0001be75       0xd7 ./system/src/stm32f4-hal/stm32f4xx_hal.o
 .debug_macro   0x0001bf4c       0x16 ./system/src/stm32f4-hal/stm32f4xx_hal.o
 .debug_macro   0x0001bf62      0x18b ./system/src/stm32f4-hal/stm32f4xx_hal.o
 .debug_macro   0x0001c0ed       0x57 ./system/src/stm32f4-hal/stm32f4xx_hal.o
 .debug_macro   0x0001c144      0x96b ./system/src/stm32f4-hal/stm32f4xx_hal.o
 .debug_macro   0x0001caaf      0x9e1 ./system/src/stm32f4-hal/stm32f4xx_hal.o
 .debug_macro   0x0001d490      0x11e ./system/src/stm32f4-hal/stm32f4xx_hal.o
 .debug_macro   0x0001d5ae      0x13e ./system/src/stm32f4-hal/stm32f4xx_hal.o
 .debug_macro   0x0001d6ec       0x27 ./system/src/stm32f4-hal/stm32f4xx_hal.o
 .debug_macro   0x0001d713      0x287 ./system/src/stm32f4-hal/stm32f4xx_hal.o
 .debug_macro   0x0001d99a       0x5f ./system/src/stm32f4-hal/stm32f4xx_hal.o
 .debug_macro   0x0001d9f9      0x23a ./system/src/stm32f4-hal/stm32f4xx_hal.o
 .debug_macro   0x0001dc33      0x133 ./system/src/stm32f4-hal/stm32f4xx_hal.o
 .debug_macro   0x0001dd66      0x21e ./system/src/stm32f4-hal/stm32f4xx_hal.o
 .debug_macro   0x0001df84       0x2e ./system/src/stm32f4-hal/stm32f4xx_hal.o
 .debug_macro   0x0001dfb2      0x11e ./system/src/stm32f4-hal/stm32f4xx_hal.o
 .debug_macro   0x0001e0d0       0x7f ./system/src/stm32f4-hal/stm32f4xx_hal.o
 .debug_macro   0x0001e14f       0x89 ./system/src/stm32f4-hal/stm32f4xx_hal.o
 .debug_macro   0x0001e1d8      0x287 ./system/src/stm32f4-hal/stm32f4xx_hal.o
 .debug_macro   0x0001e45f      0x125 ./system/src/stm32f4-hal/stm32f4xx_hal.o
 .debug_macro   0x0001e584      0x2f6 ./system/src/stm32f4-hal/stm32f4xx_hal_cortex.o
 .debug_macro   0x0001e87a      0x32e ./system/src/stm32f4-hal/stm32f4xx_hal_gpio.o
 .debug_macro   0x0001eba8      0x320 ./system/src/stm32f4-hal/stm32f4xx_hal_rcc.o
 .debug_macro   0x0001eec8      0x2f7 ./system/src/stm32f4-hal/stm32f4xx_hal_uart.o
 .debug_macro   0x0001f1bf      0x1a7 ./system/src/newlib/_exit.o
 .debug_macro   0x0001f366      0x10e ./system/src/newlib/_exit.o
 .debug_macro   0x0001f474       0x8d ./system/src/newlib/_exit.o
 .debug_macro   0x0001f501       0x16 ./system/src/newlib/_exit.o
 .debug_macro   0x0001f517       0x35 ./system/src/newlib/_exit.o
 .debug_macro   0x0001f54c      0x15c ./system/src/newlib/_sbrk.o
 .debug_macro   0x0001f6a8      0x174 ./system/src/newlib/_sbrk.o
 .debug_macro   0x0001f81c       0x10 ./system/src/newlib/_sbrk.o
 .debug_macro   0x0001f82c      0x23b ./system/src/newlib/_sbrk.o
 .debug_macro   0x0001fa67      0x171 ./system/src/newlib/_startup.o
 .debug_macro   0x0001fbd8      0x8ce ./system/src/newlib/_startup.o
 .debug_macro   0x000204a6      0x1f5 ./system/src/newlib/_syscalls.o
 .debug_macro   0x0002069b       0x1c ./system/src/newlib/_syscalls.o
 .debug_macro   0x000206b7       0x10 ./system/src/newlib/_syscalls.o
 .debug_macro   0x000206c7       0x10 ./system/src/newlib/_syscalls.o
 .debug_macro   0x000206d7       0x10 ./system/src/newlib/_syscalls.o
 .debug_macro   0x000206e7       0x35 ./system/src/newlib/_syscalls.o
 .debug_macro   0x0002071c      0x122 ./system/src/newlib/_syscalls.o
 .debug_macro   0x0002083e       0x88 ./system/src/newlib/_syscalls.o
 .debug_macro   0x000208c6       0x16 ./system/src/newlib/_syscalls.o
 .debug_macro   0x000208dc      0x11e ./system/src/newlib/_syscalls.o
 .debug_macro   0x000209fa       0x19 ./system/src/newlib/_syscalls.o
 .debug_macro   0x00020a13      0x159 ./system/src/newlib/_syscalls.o
 .debug_macro   0x00020b6c       0x16 ./system/src/newlib/_syscalls.o
 .debug_macro   0x00020b82      0x1e4 ./system/src/diag/Trace.o
 .debug_macro   0x00020d66       0x4c ./system/src/diag/Trace.o
 .debug_macro   0x00020db2       0x16 ./system/src/diag/Trace.o
 .debug_macro   0x00020dc8      0x32b ./system/src/diag/trace_impl.o
 .debug_macro   0x000210f3      0x300 ./system/src/cortexm/_initialize_hardware.o
 .debug_macro   0x000213f3      0x35f ./system/src/cortexm/exception_handlers.o
 .debug_macro   0x00021752       0x3b ./system/src/cortexm/exception_handlers.o
 .debug_macro   0x0002178d       0x22 ./system/src/cortexm/exception_handlers.o
 .debug_macro   0x000217af      0x2fc ./system/src/cmsis/system_stm32f4xx.o
 .debug_macro   0x00021aab       0x69 ./system/src/cmsis/vectors_stm32f407xx.o
 .debug_macro   0x00021b14      0x2f6 ./src/_initialize_hardware.o
 .debug_macro   0x00021e0a      0x3b1 ./src/main.o
 .debug_macro   0x000221bb       0x97 ./src/main.o
 .debug_macro   0x00022252      0x104 ./src/main.o
 .debug_macro   0x00022356      0xe66 ./src/main.o
 .debug_macro   0x000231bc       0x16 ./src/main.o
 .debug_macro   0x000231d2      0x241 ./src/main.o
 .debug_macro   0x00023413      0x360 ./src/retarget.o
 .debug_macro   0x00023773      0x2f6 ./src/stm32f4xx_hal_msp.o
 .debug_macro   0x00023a69      0x300 ./src/stm32f4xx_it.o
